  Compiling CUDA source file CommonSolver.cu...
  
  D:\wrg\Github\Dynamics\Dynamics\Dynamics>"C:\Program Files\NVIDIA GPU Computing Toolkit\CUDA\v12.8\bin\nvcc.exe" -gencode=arch=compute_120,code=\"sm_120,compute_120\" --use-local-env -ccbin "C:\Program Files\Microsoft Visual Studio\2022\Community\VC\Tools\MSVC\14.44.35207\bin\HostX64\x64" -x cu -rdc=true  -ID:\wrg\Github\Dynamics\Dynamics\/include -I"C:\Program Files\NVIDIA GPU Computing Toolkit\CUDA\v12.8/include" -I"C:\Program Files\NVIDIA GPU Computing Toolkit\CUDA\v12.8\include"  -G   --keep-dir x64\Debug  -maxrregcount=0    --machine 64 --compile -cudart static  -g  -D_DEBUG -D_CONSOLE -D_UNICODE -DUNICODE -Xcompiler "/EHsc /W3 /nologo /Od /FS /Zi /RTC1 /MDd " -Xcompiler "/Fdx64\Debug\vc143.pdb" -o D:\wrg\Github\Dynamics\Dynamics\Dynamics\x64\Debug\CommonSolver.cu.obj "D:\wrg\Github\Dynamics\Dynamics\Dynamics\CommonSolver.cu" 
C:\Program Files\NVIDIA GPU Computing Toolkit\CUDA\v12.8\include\driver_types.h(1331): warning C4819: 현재 코드 페이지(949)에서 표시할 수 없는 문자가 파일에 들어 있습니다. 데이터가 손실되지 않게 하려면 해당 파일을 유니코드 형식으로 저장하십시오.
C:\Program Files\NVIDIA GPU Computing Toolkit\CUDA\v12.8\include\driver_types.h(3131): warning C4819: 현재 코드 페이지(949)에서 표시할 수 없는 문자가 파일에 들어 있습니다. 데이터가 손실되지 않게 하려면 해당 파일을 유니코드 형식으로 저장하십시오.
C:\Program Files\NVIDIA GPU Computing Toolkit\CUDA\v12.8\include\driver_types.h(1331): warning C4819: 현재 코드 페이지(949)에서 표시할 수 없는 문자가 파일에 들어 있습니다. 데이터가 손실되지 않게 하려면 해당 파일을 유니코드 형식으로 저장하십시오.
C:\Program Files\NVIDIA GPU Computing Toolkit\CUDA\v12.8\include\driver_types.h(3131): warning C4819: 현재 코드 페이지(949)에서 표시할 수 없는 문자가 파일에 들어 있습니다. 데이터가 손실되지 않게 하려면 해당 파일을 유니코드 형식으로 저장하십시오.
C:\Program Files\NVIDIA GPU Computing Toolkit\CUDA\v12.8\include\driver_types.h(1331): warning C4819: 현재 코드 페이지(949)에서 표시할 수 없는 문자가 파일에 들어 있습니다. 데이터가 손실되지 않게 하려면 해당 파일을 유니코드 형식으로 저장하십시오.
C:\Program Files\NVIDIA GPU Computing Toolkit\CUDA\v12.8\include\driver_types.h(3131): warning C4819: 현재 코드 페이지(949)에서 표시할 수 없는 문자가 파일에 들어 있습니다. 데이터가 손실되지 않게 하려면 해당 파일을 유니코드 형식으로 저장하십시오.
C:\Program Files\NVIDIA GPU Computing Toolkit\CUDA\v12.8\include\driver_types.h(1331): warning C4819: 현재 코드 페이지(949)에서 표시할 수 없는 문자가 파일에 들어 있습니다. 데이터가 손실되지 않게 하려면 해당 파일을 유니코드 형식으로 저장하십시오.
C:\Program Files\NVIDIA GPU Computing Toolkit\CUDA\v12.8\include\driver_types.h(3131): warning C4819: 현재 코드 페이지(949)에서 표시할 수 없는 문자가 파일에 들어 있습니다. 데이터가 손실되지 않게 하려면 해당 파일을 유니코드 형식으로 저장하십시오.
C:\Program Files\NVIDIA GPU Computing Toolkit\CUDA\v12.8\include\driver_types.h(1331): warning C4819: 현재 코드 페이지(949)에서 표시할 수 없는 문자가 파일에 들어 있습니다. 데이터가 손실되지 않게 하려면 해당 파일을 유니코드 형식으로 저장하십시오.
C:\Program Files\NVIDIA GPU Computing Toolkit\CUDA\v12.8\include\driver_types.h(3131): warning C4819: 현재 코드 페이지(949)에서 표시할 수 없는 문자가 파일에 들어 있습니다. 데이터가 손실되지 않게 하려면 해당 파일을 유니코드 형식으로 저장하십시오.
C:\Program Files\NVIDIA GPU Computing Toolkit\CUDA\v12.8\include\cuda_runtime_api.h(12266): warning C4819: 현재 코드 페이지(949)에서 표시할 수 없는 문자가 파일에 들어 있습니다. 데이터가 손실되지 않게 하려면 해당 파일을 유니코드 형식으로 저장하십시오.
C:\Program Files\NVIDIA GPU Computing Toolkit\CUDA\v12.8\include\cuda_runtime_api.h(12266): warning C4819: 현재 코드 페이지(949)에서 표시할 수 없는 문자가 파일에 들어 있습니다. 데이터가 손실되지 않게 하려면 해당 파일을 유니코드 형식으로 저장하십시오.
C:\Program Files\NVIDIA GPU Computing Toolkit\CUDA\v12.8\include\driver_types.h(1331): warning C4819: 현재 코드 페이지(949)에서 표시할 수 없는 문자가 파일에 들어 있습니다. 데이터가 손실되지 않게 하려면 해당 파일을 유니코드 형식으로 저장하십시오.
C:\Program Files\NVIDIA GPU Computing Toolkit\CUDA\v12.8\include\driver_types.h(3131): warning C4819: 현재 코드 페이지(949)에서 표시할 수 없는 문자가 파일에 들어 있습니다. 데이터가 손실되지 않게 하려면 해당 파일을 유니코드 형식으로 저장하십시오.
C:\Program Files\NVIDIA GPU Computing Toolkit\CUDA\v12.8\include\driver_types.h(1331): warning C4819: 현재 코드 페이지(949)에서 표시할 수 없는 문자가 파일에 들어 있습니다. 데이터가 손실되지 않게 하려면 해당 파일을 유니코드 형식으로 저장하십시오.
C:\Program Files\NVIDIA GPU Computing Toolkit\CUDA\v12.8\include\driver_types.h(3131): warning C4819: 현재 코드 페이지(949)에서 표시할 수 없는 문자가 파일에 들어 있습니다. 데이터가 손실되지 않게 하려면 해당 파일을 유니코드 형식으로 저장하십시오.
C:\Program Files\NVIDIA GPU Computing Toolkit\CUDA\v12.8\include\cuda_runtime_api.h(12266): warning C4819: 현재 코드 페이지(949)에서 표시할 수 없는 문자가 파일에 들어 있습니다. 데이터가 손실되지 않게 하려면 해당 파일을 유니코드 형식으로 저장하십시오.
C:\Program Files\NVIDIA GPU Computing Toolkit\CUDA\v12.8\include\cuda_runtime_api.h(12266): warning C4819: 현재 코드 페이지(949)에서 표시할 수 없는 문자가 파일에 들어 있습니다. 데이터가 손실되지 않게 하려면 해당 파일을 유니코드 형식으로 저장하십시오.
C:\Program Files\NVIDIA GPU Computing Toolkit\CUDA\v12.8\include\driver_types.h(1331): warning C4819: 현재 코드 페이지(949)에서 표시할 수 없는 문자가 파일에 들어 있습니다. 데이터가 손실되지 않게 하려면 해당 파일을 유니코드 형식으로 저장하십시오.
C:\Program Files\NVIDIA GPU Computing Toolkit\CUDA\v12.8\include\driver_types.h(3131): warning C4819: 현재 코드 페이지(949)에서 표시할 수 없는 문자가 파일에 들어 있습니다. 데이터가 손실되지 않게 하려면 해당 파일을 유니코드 형식으로 저장하십시오.
C:\Program Files\NVIDIA GPU Computing Toolkit\CUDA\v12.8\include\driver_types.h(1331): warning C4819: 현재 코드 페이지(949)에서 표시할 수 없는 문자가 파일에 들어 있습니다. 데이터가 손실되지 않게 하려면 해당 파일을 유니코드 형식으로 저장하십시오.
C:\Program Files\NVIDIA GPU Computing Toolkit\CUDA\v12.8\include\driver_types.h(3131): warning C4819: 현재 코드 페이지(949)에서 표시할 수 없는 문자가 파일에 들어 있습니다. 데이터가 손실되지 않게 하려면 해당 파일을 유니코드 형식으로 저장하십시오.
C:\Program Files\NVIDIA GPU Computing Toolkit\CUDA\v12.8\include\driver_types.h(1331): warning C4819: 현재 코드 페이지(949)에서 표시할 수 없는 문자가 파일에 들어 있습니다. 데이터가 손실되지 않게 하려면 해당 파일을 유니코드 형식으로 저장하십시오.
C:\Program Files\NVIDIA GPU Computing Toolkit\CUDA\v12.8\include\driver_types.h(3131): warning C4819: 현재 코드 페이지(949)에서 표시할 수 없는 문자가 파일에 들어 있습니다. 데이터가 손실되지 않게 하려면 해당 파일을 유니코드 형식으로 저장하십시오.
C:\Program Files\NVIDIA GPU Computing Toolkit\CUDA\v12.8\include\driver_types.h(1331): warning C4819: 현재 코드 페이지(949)에서 표시할 수 없는 문자가 파일에 들어 있습니다. 데이터가 손실되지 않게 하려면 해당 파일을 유니코드 형식으로 저장하십시오.
C:\Program Files\NVIDIA GPU Computing Toolkit\CUDA\v12.8\include\driver_types.h(3131): warning C4819: 현재 코드 페이지(949)에서 표시할 수 없는 문자가 파일에 들어 있습니다. 데이터가 손실되지 않게 하려면 해당 파일을 유니코드 형식으로 저장하십시오.
C:\Program Files\NVIDIA GPU Computing Toolkit\CUDA\v12.8\include\driver_types.h(1331): warning C4819: 현재 코드 페이지(949)에서 표시할 수 없는 문자가 파일에 들어 있습니다. 데이터가 손실되지 않게 하려면 해당 파일을 유니코드 형식으로 저장하십시오.
C:\Program Files\NVIDIA GPU Computing Toolkit\CUDA\v12.8\include\driver_types.h(3131): warning C4819: 현재 코드 페이지(949)에서 표시할 수 없는 문자가 파일에 들어 있습니다. 데이터가 손실되지 않게 하려면 해당 파일을 유니코드 형식으로 저장하십시오.
C:\Program Files\NVIDIA GPU Computing Toolkit\CUDA\v12.8\include\cuda_runtime_api.h(12266): warning C4819: 현재 코드 페이지(949)에서 표시할 수 없는 문자가 파일에 들어 있습니다. 데이터가 손실되지 않게 하려면 해당 파일을 유니코드 형식으로 저장하십시오.
C:\Program Files\NVIDIA GPU Computing Toolkit\CUDA\v12.8\include\cuda_runtime_api.h(12266): warning C4819: 현재 코드 페이지(949)에서 표시할 수 없는 문자가 파일에 들어 있습니다. 데이터가 손실되지 않게 하려면 해당 파일을 유니코드 형식으로 저장하십시오.
C:\Program Files\NVIDIA GPU Computing Toolkit\CUDA\v12.8\include\driver_types.h(1331): warning C4819: 현재 코드 페이지(949)에서 표시할 수 없는 문자가 파일에 들어 있습니다. 데이터가 손실되지 않게 하려면 해당 파일을 유니코드 형식으로 저장하십시오.
C:\Program Files\NVIDIA GPU Computing Toolkit\CUDA\v12.8\include\driver_types.h(3131): warning C4819: 현재 코드 페이지(949)에서 표시할 수 없는 문자가 파일에 들어 있습니다. 데이터가 손실되지 않게 하려면 해당 파일을 유니코드 형식으로 저장하십시오.
C:\Program Files\NVIDIA GPU Computing Toolkit\CUDA\v12.8\include\driver_types.h(1331): warning C4819: 현재 코드 페이지(949)에서 표시할 수 없는 문자가 파일에 들어 있습니다. 데이터가 손실되지 않게 하려면 해당 파일을 유니코드 형식으로 저장하십시오.
C:\Program Files\NVIDIA GPU Computing Toolkit\CUDA\v12.8\include\driver_types.h(3131): warning C4819: 현재 코드 페이지(949)에서 표시할 수 없는 문자가 파일에 들어 있습니다. 데이터가 손실되지 않게 하려면 해당 파일을 유니코드 형식으로 저장하십시오.
C:\Program Files\NVIDIA GPU Computing Toolkit\CUDA\v12.8\include\cuda_runtime_api.h(12266): warning C4819: 현재 코드 페이지(949)에서 표시할 수 없는 문자가 파일에 들어 있습니다. 데이터가 손실되지 않게 하려면 해당 파일을 유니코드 형식으로 저장하십시오.
C:\Program Files\NVIDIA GPU Computing Toolkit\CUDA\v12.8\include\cuda_runtime_api.h(12266): warning C4819: 현재 코드 페이지(949)에서 표시할 수 없는 문자가 파일에 들어 있습니다. 데이터가 손실되지 않게 하려면 해당 파일을 유니코드 형식으로 저장하십시오.
C:\Program Files\NVIDIA GPU Computing Toolkit\CUDA\v12.8\include\cuda_runtime_api.h(12266): warning C4819: 현재 코드 페이지(949)에서 표시할 수 없는 문자가 파일에 들어 있습니다. 데이터가 손실되지 않게 하려면 해당 파일을 유니코드 형식으로 저장하십시오.
C:\Program Files\NVIDIA GPU Computing Toolkit\CUDA\v12.8\include\cuda_runtime_api.h(12266): warning C4819: 현재 코드 페이지(949)에서 표시할 수 없는 문자가 파일에 들어 있습니다. 데이터가 손실되지 않게 하려면 해당 파일을 유니코드 형식으로 저장하십시오.
C:\Program Files\NVIDIA GPU Computing Toolkit\CUDA\v12.8\include\cuda_runtime_api.h(12266): warning C4819: 현재 코드 페이지(949)에서 표시할 수 없는 문자가 파일에 들어 있습니다. 데이터가 손실되지 않게 하려면 해당 파일을 유니코드 형식으로 저장하십시오.
C:\Program Files\NVIDIA GPU Computing Toolkit\CUDA\v12.8\include\cuda_runtime_api.h(12266): warning C4819: 현재 코드 페이지(949)에서 표시할 수 없는 문자가 파일에 들어 있습니다. 데이터가 손실되지 않게 하려면 해당 파일을 유니코드 형식으로 저장하십시오.
C:\Program Files\NVIDIA GPU Computing Toolkit\CUDA\v12.8\include\cuda_runtime_api.h(12266): warning C4819: 현재 코드 페이지(949)에서 표시할 수 없는 문자가 파일에 들어 있습니다. 데이터가 손실되지 않게 하려면 해당 파일을 유니코드 형식으로 저장하십시오.
C:\Program Files\NVIDIA GPU Computing Toolkit\CUDA\v12.8\include\driver_types.h(1331): warning C4819: 현재 코드 페이지(949)에서 표시할 수 없는 문자가 파일에 들어 있습니다. 데이터가 손실되지 않게 하려면 해당 파일을 유니코드 형식으로 저장하십시오.
C:\Program Files\NVIDIA GPU Computing Toolkit\CUDA\v12.8\include\driver_types.h(3131): warning C4819: 현재 코드 페이지(949)에서 표시할 수 없는 문자가 파일에 들어 있습니다. 데이터가 손실되지 않게 하려면 해당 파일을 유니코드 형식으로 저장하십시오.
C:\Program Files\NVIDIA GPU Computing Toolkit\CUDA\v12.8\include\driver_types.h(1331): warning C4819: 현재 코드 페이지(949)에서 표시할 수 없는 문자가 파일에 들어 있습니다. 데이터가 손실되지 않게 하려면 해당 파일을 유니코드 형식으로 저장하십시오.
C:\Program Files\NVIDIA GPU Computing Toolkit\CUDA\v12.8\include\driver_types.h(3131): warning C4819: 현재 코드 페이지(949)에서 표시할 수 없는 문자가 파일에 들어 있습니다. 데이터가 손실되지 않게 하려면 해당 파일을 유니코드 형식으로 저장하십시오.
C:\Program Files\NVIDIA GPU Computing Toolkit\CUDA\v12.8\include\driver_types.h(1331): warning C4819: 현재 코드 페이지(949)에서 표시할 수 없는 문자가 파일에 들어 있습니다. 데이터가 손실되지 않게 하려면 해당 파일을 유니코드 형식으로 저장하십시오.
C:\Program Files\NVIDIA GPU Computing Toolkit\CUDA\v12.8\include\driver_types.h(3131): warning C4819: 현재 코드 페이지(949)에서 표시할 수 없는 문자가 파일에 들어 있습니다. 데이터가 손실되지 않게 하려면 해당 파일을 유니코드 형식으로 저장하십시오.
C:\Program Files\NVIDIA GPU Computing Toolkit\CUDA\v12.8\include\driver_types.h(1331): warning C4819: 현재 코드 페이지(949)에서 표시할 수 없는 문자가 파일에 들어 있습니다. 데이터가 손실되지 않게 하려면 해당 파일을 유니코드 형식으로 저장하십시오.
C:\Program Files\NVIDIA GPU Computing Toolkit\CUDA\v12.8\include\driver_types.h(3131): warning C4819: 현재 코드 페이지(949)에서 표시할 수 없는 문자가 파일에 들어 있습니다. 데이터가 손실되지 않게 하려면 해당 파일을 유니코드 형식으로 저장하십시오.
C:\Program Files\NVIDIA GPU Computing Toolkit\CUDA\v12.8\include\cuda_runtime_api.h(12266): warning C4819: 현재 코드 페이지(949)에서 표시할 수 없는 문자가 파일에 들어 있습니다. 데이터가 손실되지 않게 하려면 해당 파일을 유니코드 형식으로 저장하십시오.
C:\Program Files\NVIDIA GPU Computing Toolkit\CUDA\v12.8\include\cuda_runtime_api.h(12266): warning C4819: 현재 코드 페이지(949)에서 표시할 수 없는 문자가 파일에 들어 있습니다. 데이터가 손실되지 않게 하려면 해당 파일을 유니코드 형식으로 저장하십시오.
C:\Program Files\NVIDIA GPU Computing Toolkit\CUDA\v12.8\include\cuda.h(846): warning C4819: 현재 코드 페이지(949)에서 표시할 수 없는 문자가 파일에 들어 있습니다. 데이터가 손실되지 않게 하려면 해당 파일을 유니코드 형식으로 저장하십시오.
C:\Program Files\NVIDIA GPU Computing Toolkit\CUDA\v12.8\include\cuda.h(8133): warning C4819: 현재 코드 페이지(949)에서 표시할 수 없는 문자가 파일에 들어 있습니다. 데이터가 손실되지 않게 하려면 해당 파일을 유니코드 형식으로 저장하십시오.
C:\Program Files\NVIDIA GPU Computing Toolkit\CUDA\v12.8\include\cuda.h(16897): warning C4819: 현재 코드 페이지(949)에서 표시할 수 없는 문자가 파일에 들어 있습니다. 데이터가 손실되지 않게 하려면 해당 파일을 유니코드 형식으로 저장하십시오.
C:\Program Files\NVIDIA GPU Computing Toolkit\CUDA\v12.8\include\cuda.h(20496): warning C4819: 현재 코드 페이지(949)에서 표시할 수 없는 문자가 파일에 들어 있습니다. 데이터가 손실되지 않게 하려면 해당 파일을 유니코드 형식으로 저장하십시오.
C:\Program Files\NVIDIA GPU Computing Toolkit\CUDA\v12.8\include\cuda.h(23382): warning C4819: 현재 코드 페이지(949)에서 표시할 수 없는 문자가 파일에 들어 있습니다. 데이터가 손실되지 않게 하려면 해당 파일을 유니코드 형식으로 저장하십시오.
C:\Program Files\NVIDIA GPU Computing Toolkit\CUDA\v12.8\include\cuda.h(23937): warning C4819: 현재 코드 페이지(949)에서 표시할 수 없는 문자가 파일에 들어 있습니다. 데이터가 손실되지 않게 하려면 해당 파일을 유니코드 형식으로 저장하십시오.
C:\Program Files\NVIDIA GPU Computing Toolkit\CUDA\v12.8\include\driver_types.h(1331): warning C4819: 현재 코드 페이지(949)에서 표시할 수 없는 문자가 파일에 들어 있습니다. 데이터가 손실되지 않게 하려면 해당 파일을 유니코드 형식으로 저장하십시오.
C:\Program Files\NVIDIA GPU Computing Toolkit\CUDA\v12.8\include\driver_types.h(3131): warning C4819: 현재 코드 페이지(949)에서 표시할 수 없는 문자가 파일에 들어 있습니다. 데이터가 손실되지 않게 하려면 해당 파일을 유니코드 형식으로 저장하십시오.
C:\Program Files\NVIDIA GPU Computing Toolkit\CUDA\v12.8\include\driver_types.h(1331): warning C4819: 현재 코드 페이지(949)에서 표시할 수 없는 문자가 파일에 들어 있습니다. 데이터가 손실되지 않게 하려면 해당 파일을 유니코드 형식으로 저장하십시오.
C:\Program Files\NVIDIA GPU Computing Toolkit\CUDA\v12.8\include\driver_types.h(3131): warning C4819: 현재 코드 페이지(949)에서 표시할 수 없는 문자가 파일에 들어 있습니다. 데이터가 손실되지 않게 하려면 해당 파일을 유니코드 형식으로 저장하십시오.
C:\Program Files\NVIDIA GPU Computing Toolkit\CUDA\v12.8\include\driver_types.h(1331): warning C4819: 현재 코드 페이지(949)에서 표시할 수 없는 문자가 파일에 들어 있습니다. 데이터가 손실되지 않게 하려면 해당 파일을 유니코드 형식으로 저장하십시오.
C:\Program Files\NVIDIA GPU Computing Toolkit\CUDA\v12.8\include\driver_types.h(3131): warning C4819: 현재 코드 페이지(949)에서 표시할 수 없는 문자가 파일에 들어 있습니다. 데이터가 손실되지 않게 하려면 해당 파일을 유니코드 형식으로 저장하십시오.
C:\Program Files\NVIDIA GPU Computing Toolkit\CUDA\v12.8\include\driver_types.h(1331): warning C4819: 현재 코드 페이지(949)에서 표시할 수 없는 문자가 파일에 들어 있습니다. 데이터가 손실되지 않게 하려면 해당 파일을 유니코드 형식으로 저장하십시오.
C:\Program Files\NVIDIA GPU Computing Toolkit\CUDA\v12.8\include\driver_types.h(3131): warning C4819: 현재 코드 페이지(949)에서 표시할 수 없는 문자가 파일에 들어 있습니다. 데이터가 손실되지 않게 하려면 해당 파일을 유니코드 형식으로 저장하십시오.
C:\Program Files\NVIDIA GPU Computing Toolkit\CUDA\v12.8\include\driver_types.h(1331): warning C4819: 현재 코드 페이지(949)에서 표시할 수 없는 문자가 파일에 들어 있습니다. 데이터가 손실되지 않게 하려면 해당 파일을 유니코드 형식으로 저장하십시오.
C:\Program Files\NVIDIA GPU Computing Toolkit\CUDA\v12.8\include\driver_types.h(3131): warning C4819: 현재 코드 페이지(949)에서 표시할 수 없는 문자가 파일에 들어 있습니다. 데이터가 손실되지 않게 하려면 해당 파일을 유니코드 형식으로 저장하십시오.
C:\Program Files\NVIDIA GPU Computing Toolkit\CUDA\v12.8\include\cuda_runtime_api.h(12266): warning C4819: 현재 코드 페이지(949)에서 표시할 수 없는 문자가 파일에 들어 있습니다. 데이터가 손실되지 않게 하려면 해당 파일을 유니코드 형식으로 저장하십시오.
C:\Program Files\NVIDIA GPU Computing Toolkit\CUDA\v12.8\include\cuda_runtime_api.h(12266): warning C4819: 현재 코드 페이지(949)에서 표시할 수 없는 문자가 파일에 들어 있습니다. 데이터가 손실되지 않게 하려면 해당 파일을 유니코드 형식으로 저장하십시오.
C:\Program Files\NVIDIA GPU Computing Toolkit\CUDA\v12.8\include\driver_types.h(1331): warning C4819: 현재 코드 페이지(949)에서 표시할 수 없는 문자가 파일에 들어 있습니다. 데이터가 손실되지 않게 하려면 해당 파일을 유니코드 형식으로 저장하십시오.
C:\Program Files\NVIDIA GPU Computing Toolkit\CUDA\v12.8\include\driver_types.h(3131): warning C4819: 현재 코드 페이지(949)에서 표시할 수 없는 문자가 파일에 들어 있습니다. 데이터가 손실되지 않게 하려면 해당 파일을 유니코드 형식으로 저장하십시오.
C:\Program Files\NVIDIA GPU Computing Toolkit\CUDA\v12.8\include\driver_types.h(1331): warning C4819: 현재 코드 페이지(949)에서 표시할 수 없는 문자가 파일에 들어 있습니다. 데이터가 손실되지 않게 하려면 해당 파일을 유니코드 형식으로 저장하십시오.
C:\Program Files\NVIDIA GPU Computing Toolkit\CUDA\v12.8\include\driver_types.h(3131): warning C4819: 현재 코드 페이지(949)에서 표시할 수 없는 문자가 파일에 들어 있습니다. 데이터가 손실되지 않게 하려면 해당 파일을 유니코드 형식으로 저장하십시오.
C:\Program Files\NVIDIA GPU Computing Toolkit\CUDA\v12.8\include\cuda_runtime_api.h(12266): warning C4819: 현재 코드 페이지(949)에서 표시할 수 없는 문자가 파일에 들어 있습니다. 데이터가 손실되지 않게 하려면 해당 파일을 유니코드 형식으로 저장하십시오.
C:\Program Files\NVIDIA GPU Computing Toolkit\CUDA\v12.8\include\cuda_runtime_api.h(12266): warning C4819: 현재 코드 페이지(949)에서 표시할 수 없는 문자가 파일에 들어 있습니다. 데이터가 손실되지 않게 하려면 해당 파일을 유니코드 형식으로 저장하십시오.
C:\Program Files\NVIDIA GPU Computing Toolkit\CUDA\v12.8\include\driver_types.h(1331): warning C4819: 현재 코드 페이지(949)에서 표시할 수 없는 문자가 파일에 들어 있습니다. 데이터가 손실되지 않게 하려면 해당 파일을 유니코드 형식으로 저장하십시오.
C:\Program Files\NVIDIA GPU Computing Toolkit\CUDA\v12.8\include\driver_types.h(3131): warning C4819: 현재 코드 페이지(949)에서 표시할 수 없는 문자가 파일에 들어 있습니다. 데이터가 손실되지 않게 하려면 해당 파일을 유니코드 형식으로 저장하십시오.
C:\Program Files\NVIDIA GPU Computing Toolkit\CUDA\v12.8\include\driver_types.h(1331): warning C4819: 현재 코드 페이지(949)에서 표시할 수 없는 문자가 파일에 들어 있습니다. 데이터가 손실되지 않게 하려면 해당 파일을 유니코드 형식으로 저장하십시오.
C:\Program Files\NVIDIA GPU Computing Toolkit\CUDA\v12.8\include\driver_types.h(3131): warning C4819: 현재 코드 페이지(949)에서 표시할 수 없는 문자가 파일에 들어 있습니다. 데이터가 손실되지 않게 하려면 해당 파일을 유니코드 형식으로 저장하십시오.
C:\Program Files\NVIDIA GPU Computing Toolkit\CUDA\v12.8\include\driver_types.h(1331): warning C4819: 현재 코드 페이지(949)에서 표시할 수 없는 문자가 파일에 들어 있습니다. 데이터가 손실되지 않게 하려면 해당 파일을 유니코드 형식으로 저장하십시오.
C:\Program Files\NVIDIA GPU Computing Toolkit\CUDA\v12.8\include\driver_types.h(3131): warning C4819: 현재 코드 페이지(949)에서 표시할 수 없는 문자가 파일에 들어 있습니다. 데이터가 손실되지 않게 하려면 해당 파일을 유니코드 형식으로 저장하십시오.
C:\Program Files\NVIDIA GPU Computing Toolkit\CUDA\v12.8\include\driver_types.h(1331): warning C4819: 현재 코드 페이지(949)에서 표시할 수 없는 문자가 파일에 들어 있습니다. 데이터가 손실되지 않게 하려면 해당 파일을 유니코드 형식으로 저장하십시오.
C:\Program Files\NVIDIA GPU Computing Toolkit\CUDA\v12.8\include\driver_types.h(3131): warning C4819: 현재 코드 페이지(949)에서 표시할 수 없는 문자가 파일에 들어 있습니다. 데이터가 손실되지 않게 하려면 해당 파일을 유니코드 형식으로 저장하십시오.
C:\Program Files\NVIDIA GPU Computing Toolkit\CUDA\v12.8\include\driver_types.h(1331): warning C4819: 현재 코드 페이지(949)에서 표시할 수 없는 문자가 파일에 들어 있습니다. 데이터가 손실되지 않게 하려면 해당 파일을 유니코드 형식으로 저장하십시오.
C:\Program Files\NVIDIA GPU Computing Toolkit\CUDA\v12.8\include\driver_types.h(3131): warning C4819: 현재 코드 페이지(949)에서 표시할 수 없는 문자가 파일에 들어 있습니다. 데이터가 손실되지 않게 하려면 해당 파일을 유니코드 형식으로 저장하십시오.
C:\Program Files\NVIDIA GPU Computing Toolkit\CUDA\v12.8\include\cuda_runtime_api.h(12266): warning C4819: 현재 코드 페이지(949)에서 표시할 수 없는 문자가 파일에 들어 있습니다. 데이터가 손실되지 않게 하려면 해당 파일을 유니코드 형식으로 저장하십시오.
C:\Program Files\NVIDIA GPU Computing Toolkit\CUDA\v12.8\include\cuda_runtime_api.h(12266): warning C4819: 현재 코드 페이지(949)에서 표시할 수 없는 문자가 파일에 들어 있습니다. 데이터가 손실되지 않게 하려면 해당 파일을 유니코드 형식으로 저장하십시오.
C:\Program Files\NVIDIA GPU Computing Toolkit\CUDA\v12.8\include\cuda_runtime_api.h(12266): warning C4819: 현재 코드 페이지(949)에서 표시할 수 없는 문자가 파일에 들어 있습니다. 데이터가 손실되지 않게 하려면 해당 파일을 유니코드 형식으로 저장하십시오.
C:\Program Files\NVIDIA GPU Computing Toolkit\CUDA\v12.8\include\cuda_runtime_api.h(12266): warning C4819: 현재 코드 페이지(949)에서 표시할 수 없는 문자가 파일에 들어 있습니다. 데이터가 손실되지 않게 하려면 해당 파일을 유니코드 형식으로 저장하십시오.
C:\Program Files\NVIDIA GPU Computing Toolkit\CUDA\v12.8\include\driver_types.h(1331): warning C4819: 현재 코드 페이지(949)에서 표시할 수 없는 문자가 파일에 들어 있습니다. 데이터가 손실되지 않게 하려면 해당 파일을 유니코드 형식으로 저장하십시오.
C:\Program Files\NVIDIA GPU Computing Toolkit\CUDA\v12.8\include\driver_types.h(3131): warning C4819: 현재 코드 페이지(949)에서 표시할 수 없는 문자가 파일에 들어 있습니다. 데이터가 손실되지 않게 하려면 해당 파일을 유니코드 형식으로 저장하십시오.
C:\Program Files\NVIDIA GPU Computing Toolkit\CUDA\v12.8\include\driver_types.h(1331): warning C4819: 현재 코드 페이지(949)에서 표시할 수 없는 문자가 파일에 들어 있습니다. 데이터가 손실되지 않게 하려면 해당 파일을 유니코드 형식으로 저장하십시오.
C:\Program Files\NVIDIA GPU Computing Toolkit\CUDA\v12.8\include\driver_types.h(3131): warning C4819: 현재 코드 페이지(949)에서 표시할 수 없는 문자가 파일에 들어 있습니다. 데이터가 손실되지 않게 하려면 해당 파일을 유니코드 형식으로 저장하십시오.
C:\Program Files\NVIDIA GPU Computing Toolkit\CUDA\v12.8\include\cuda_runtime_api.h(12266): warning C4819: 현재 코드 페이지(949)에서 표시할 수 없는 문자가 파일에 들어 있습니다. 데이터가 손실되지 않게 하려면 해당 파일을 유니코드 형식으로 저장하십시오.
C:\Program Files\NVIDIA GPU Computing Toolkit\CUDA\v12.8\include\cuda_runtime_api.h(12266): warning C4819: 현재 코드 페이지(949)에서 표시할 수 없는 문자가 파일에 들어 있습니다. 데이터가 손실되지 않게 하려면 해당 파일을 유니코드 형식으로 저장하십시오.
C:\Program Files\NVIDIA GPU Computing Toolkit\CUDA\v12.8\include\cuda_runtime_api.h(12266): warning C4819: 현재 코드 페이지(949)에서 표시할 수 없는 문자가 파일에 들어 있습니다. 데이터가 손실되지 않게 하려면 해당 파일을 유니코드 형식으로 저장하십시오.
C:\Program Files\NVIDIA GPU Computing Toolkit\CUDA\v12.8\include\cuda_runtime_api.h(12266): warning C4819: 현재 코드 페이지(949)에서 표시할 수 없는 문자가 파일에 들어 있습니다. 데이터가 손실되지 않게 하려면 해당 파일을 유니코드 형식으로 저장하십시오.
C:\Program Files\NVIDIA GPU Computing Toolkit\CUDA\v12.8\include\cuda_runtime_api.h(12266): warning C4819: 현재 코드 페이지(949)에서 표시할 수 없는 문자가 파일에 들어 있습니다. 데이터가 손실되지 않게 하려면 해당 파일을 유니코드 형식으로 저장하십시오.
C:\Program Files\NVIDIA GPU Computing Toolkit\CUDA\v12.8\include\cuda_runtime_api.h(12266): warning C4819: 현재 코드 페이지(949)에서 표시할 수 없는 문자가 파일에 들어 있습니다. 데이터가 손실되지 않게 하려면 해당 파일을 유니코드 형식으로 저장하십시오.
C:\Program Files\NVIDIA GPU Computing Toolkit\CUDA\v12.8\include\cuda_runtime_api.h(12266): warning C4819: 현재 코드 페이지(949)에서 표시할 수 없는 문자가 파일에 들어 있습니다. 데이터가 손실되지 않게 하려면 해당 파일을 유니코드 형식으로 저장하십시오.
C:\Program Files\NVIDIA GPU Computing Toolkit\CUDA\v12.8\include\cuda_runtime_api.h(12266): warning C4819: 현재 코드 페이지(949)에서 표시할 수 없는 문자가 파일에 들어 있습니다. 데이터가 손실되지 않게 하려면 해당 파일을 유니코드 형식으로 저장하십시오.
C:\Program Files\NVIDIA GPU Computing Toolkit\CUDA\v12.8\include\cuda_runtime_api.h(12266): warning C4819: 현재 코드 페이지(949)에서 표시할 수 없는 문자가 파일에 들어 있습니다. 데이터가 손실되지 않게 하려면 해당 파일을 유니코드 형식으로 저장하십시오.
C:\Program Files\NVIDIA GPU Computing Toolkit\CUDA\v12.8\include\cuda_runtime_api.h(12266): warning C4819: 현재 코드 페이지(949)에서 표시할 수 없는 문자가 파일에 들어 있습니다. 데이터가 손실되지 않게 하려면 해당 파일을 유니코드 형식으로 저장하십시오.
C:\Program Files\NVIDIA GPU Computing Toolkit\CUDA\v12.8\include\cuda_runtime_api.h(12266): warning C4819: 현재 코드 페이지(949)에서 표시할 수 없는 문자가 파일에 들어 있습니다. 데이터가 손실되지 않게 하려면 해당 파일을 유니코드 형식으로 저장하십시오.
C:\Program Files\NVIDIA GPU Computing Toolkit\CUDA\v12.8\include\cuda_runtime_api.h(12266): warning C4819: 현재 코드 페이지(949)에서 표시할 수 없는 문자가 파일에 들어 있습니다. 데이터가 손실되지 않게 하려면 해당 파일을 유니코드 형식으로 저장하십시오.
C:\Program Files\NVIDIA GPU Computing Toolkit\CUDA\v12.8\include\cuda_runtime_api.h(12266): warning C4819: 현재 코드 페이지(949)에서 표시할 수 없는 문자가 파일에 들어 있습니다. 데이터가 손실되지 않게 하려면 해당 파일을 유니코드 형식으로 저장하십시오.
C:\Program Files\NVIDIA GPU Computing Toolkit\CUDA\v12.8\include\cuda_runtime_api.h(12266): warning C4819: 현재 코드 페이지(949)에서 표시할 수 없는 문자가 파일에 들어 있습니다. 데이터가 손실되지 않게 하려면 해당 파일을 유니코드 형식으로 저장하십시오.
C:\Program Files\NVIDIA GPU Computing Toolkit\CUDA\v12.8\include\driver_types.h(1331): warning C4819: 현재 코드 페이지(949)에서 표시할 수 없는 문자가 파일에 들어 있습니다. 데이터가 손실되지 않게 하려면 해당 파일을 유니코드 형식으로 저장하십시오.
C:\Program Files\NVIDIA GPU Computing Toolkit\CUDA\v12.8\include\driver_types.h(3131): warning C4819: 현재 코드 페이지(949)에서 표시할 수 없는 문자가 파일에 들어 있습니다. 데이터가 손실되지 않게 하려면 해당 파일을 유니코드 형식으로 저장하십시오.
C:\Program Files\NVIDIA GPU Computing Toolkit\CUDA\v12.8\include\driver_types.h(1331): warning C4819: 현재 코드 페이지(949)에서 표시할 수 없는 문자가 파일에 들어 있습니다. 데이터가 손실되지 않게 하려면 해당 파일을 유니코드 형식으로 저장하십시오.
C:\Program Files\NVIDIA GPU Computing Toolkit\CUDA\v12.8\include\driver_types.h(3131): warning C4819: 현재 코드 페이지(949)에서 표시할 수 없는 문자가 파일에 들어 있습니다. 데이터가 손실되지 않게 하려면 해당 파일을 유니코드 형식으로 저장하십시오.
C:\Program Files\NVIDIA GPU Computing Toolkit\CUDA\v12.8\include\driver_types.h(1331): warning C4819: 현재 코드 페이지(949)에서 표시할 수 없는 문자가 파일에 들어 있습니다. 데이터가 손실되지 않게 하려면 해당 파일을 유니코드 형식으로 저장하십시오.
C:\Program Files\NVIDIA GPU Computing Toolkit\CUDA\v12.8\include\driver_types.h(3131): warning C4819: 현재 코드 페이지(949)에서 표시할 수 없는 문자가 파일에 들어 있습니다. 데이터가 손실되지 않게 하려면 해당 파일을 유니코드 형식으로 저장하십시오.
C:\Program Files\NVIDIA GPU Computing Toolkit\CUDA\v12.8\include\driver_types.h(1331): warning C4819: 현재 코드 페이지(949)에서 표시할 수 없는 문자가 파일에 들어 있습니다. 데이터가 손실되지 않게 하려면 해당 파일을 유니코드 형식으로 저장하십시오.
C:\Program Files\NVIDIA GPU Computing Toolkit\CUDA\v12.8\include\driver_types.h(3131): warning C4819: 현재 코드 페이지(949)에서 표시할 수 없는 문자가 파일에 들어 있습니다. 데이터가 손실되지 않게 하려면 해당 파일을 유니코드 형식으로 저장하십시오.
C:\Program Files\NVIDIA GPU Computing Toolkit\CUDA\v12.8\include\driver_types.h(1331): warning C4819: 현재 코드 페이지(949)에서 표시할 수 없는 문자가 파일에 들어 있습니다. 데이터가 손실되지 않게 하려면 해당 파일을 유니코드 형식으로 저장하십시오.
C:\Program Files\NVIDIA GPU Computing Toolkit\CUDA\v12.8\include\driver_types.h(3131): warning C4819: 현재 코드 페이지(949)에서 표시할 수 없는 문자가 파일에 들어 있습니다. 데이터가 손실되지 않게 하려면 해당 파일을 유니코드 형식으로 저장하십시오.
C:\Program Files\NVIDIA GPU Computing Toolkit\CUDA\v12.8\include\driver_types.h(1331): warning C4819: 현재 코드 페이지(949)에서 표시할 수 없는 문자가 파일에 들어 있습니다. 데이터가 손실되지 않게 하려면 해당 파일을 유니코드 형식으로 저장하십시오.
C:\Program Files\NVIDIA GPU Computing Toolkit\CUDA\v12.8\include\driver_types.h(3131): warning C4819: 현재 코드 페이지(949)에서 표시할 수 없는 문자가 파일에 들어 있습니다. 데이터가 손실되지 않게 하려면 해당 파일을 유니코드 형식으로 저장하십시오.
C:\Program Files\NVIDIA GPU Computing Toolkit\CUDA\v12.8\include\driver_types.h(1331): warning C4819: 현재 코드 페이지(949)에서 표시할 수 없는 문자가 파일에 들어 있습니다. 데이터가 손실되지 않게 하려면 해당 파일을 유니코드 형식으로 저장하십시오.
C:\Program Files\NVIDIA GPU Computing Toolkit\CUDA\v12.8\include\driver_types.h(3131): warning C4819: 현재 코드 페이지(949)에서 표시할 수 없는 문자가 파일에 들어 있습니다. 데이터가 손실되지 않게 하려면 해당 파일을 유니코드 형식으로 저장하십시오.
C:\Program Files\NVIDIA GPU Computing Toolkit\CUDA\v12.8\include\driver_types.h(1331): warning C4819: 현재 코드 페이지(949)에서 표시할 수 없는 문자가 파일에 들어 있습니다. 데이터가 손실되지 않게 하려면 해당 파일을 유니코드 형식으로 저장하십시오.
C:\Program Files\NVIDIA GPU Computing Toolkit\CUDA\v12.8\include\driver_types.h(3131): warning C4819: 현재 코드 페이지(949)에서 표시할 수 없는 문자가 파일에 들어 있습니다. 데이터가 손실되지 않게 하려면 해당 파일을 유니코드 형식으로 저장하십시오.
C:\Program Files\NVIDIA GPU Computing Toolkit\CUDA\v12.8\include\cuda_runtime_api.h(12266): warning C4819: 현재 코드 페이지(949)에서 표시할 수 없는 문자가 파일에 들어 있습니다. 데이터가 손실되지 않게 하려면 해당 파일을 유니코드 형식으로 저장하십시오.
C:\Program Files\NVIDIA GPU Computing Toolkit\CUDA\v12.8\include\cuda_runtime_api.h(12266): warning C4819: 현재 코드 페이지(949)에서 표시할 수 없는 문자가 파일에 들어 있습니다. 데이터가 손실되지 않게 하려면 해당 파일을 유니코드 형식으로 저장하십시오.
C:\Program Files\NVIDIA GPU Computing Toolkit\CUDA\v12.8\include\cuda.h(846): warning C4819: 현재 코드 페이지(949)에서 표시할 수 없는 문자가 파일에 들어 있습니다. 데이터가 손실되지 않게 하려면 해당 파일을 유니코드 형식으로 저장하십시오.
C:\Program Files\NVIDIA GPU Computing Toolkit\CUDA\v12.8\include\cuda.h(8133): warning C4819: 현재 코드 페이지(949)에서 표시할 수 없는 문자가 파일에 들어 있습니다. 데이터가 손실되지 않게 하려면 해당 파일을 유니코드 형식으로 저장하십시오.
C:\Program Files\NVIDIA GPU Computing Toolkit\CUDA\v12.8\include\cuda.h(16897): warning C4819: 현재 코드 페이지(949)에서 표시할 수 없는 문자가 파일에 들어 있습니다. 데이터가 손실되지 않게 하려면 해당 파일을 유니코드 형식으로 저장하십시오.
C:\Program Files\NVIDIA GPU Computing Toolkit\CUDA\v12.8\include\cuda.h(20496): warning C4819: 현재 코드 페이지(949)에서 표시할 수 없는 문자가 파일에 들어 있습니다. 데이터가 손실되지 않게 하려면 해당 파일을 유니코드 형식으로 저장하십시오.
C:\Program Files\NVIDIA GPU Computing Toolkit\CUDA\v12.8\include\cuda.h(23382): warning C4819: 현재 코드 페이지(949)에서 표시할 수 없는 문자가 파일에 들어 있습니다. 데이터가 손실되지 않게 하려면 해당 파일을 유니코드 형식으로 저장하십시오.
C:\Program Files\NVIDIA GPU Computing Toolkit\CUDA\v12.8\include\cuda.h(23937): warning C4819: 현재 코드 페이지(949)에서 표시할 수 없는 문자가 파일에 들어 있습니다. 데이터가 손실되지 않게 하려면 해당 파일을 유니코드 형식으로 저장하십시오.
D:\wrg\Github\Dynamics\Dynamics\include\glm\detail\_vectorize.hpp(74): warning #20014-D: calling a __host__ function from a __host__ __device__ function is not allowed
    			return vec<2, T, Q>(Func(a.x, b.x), Func(a.y, b.y));
    			                        ^
            detected during:
              instantiation of "vec<2, T, Q> glm::detail::functor2<vec, 2, T, Q>::call(Fct, const vec<2, T, Q> &, const vec<2, T, Q> &) [with vec=glm::vec, T=float, Q=glm::highp, Fct=glm::TMax<float>]" at line 274 of D:\wrg\Github\Dynamics\Dynamics\include\glm\detail/func_common.inl
              instantiation of "glm::vec<L, T, Q> glm::detail::compute_max_vector<L, T, Q, Aligned>::call(const glm::vec<L, T, Q> &, const glm::vec<L, T, Q> &) [with L=2, T=float, Q=glm::highp, Aligned=false]" at line 644 of D:\wrg\Github\Dynamics\Dynamics\include\glm\detail/func_common.inl
              instantiation of "glm::vec<L, T, Q> glm::max(const glm::vec<L, T, Q> &, const glm::vec<L, T, Q> &) [with L=2, T=float, Q=glm::highp]" at line 283 of D:\wrg\Github\Dynamics\Dynamics\include\glm\detail/func_common.inl
              instantiation of "glm::vec<L, T, Q> glm::detail::compute_clamp_vector<L, T, Q, Aligned>::call(const glm::vec<L, T, Q> &, const glm::vec<L, T, Q> &, const glm::vec<L, T, Q> &) [with L=2, T=float, Q=glm::highp, Aligned=false]" at line 659 of D:\wrg\Github\Dynamics\Dynamics\include\glm\detail/func_common.inl
              instantiation of "glm::vec<L, T, Q> glm::clamp(const glm::vec<L, T, Q> &, T, T) [with L=2, T=float, Q=glm::highp]" at line 17 of D:\wrg\Github\Dynamics\Dynamics\include\glm\detail/func_packing.inl
  
  Remark: The warnings can be suppressed with "-diag-suppress <warning-number>"
  
D:\wrg\Github\Dynamics\Dynamics\include\glm\detail\_vectorize.hpp(74): warning #20014-D: calling a __host__ function from a __host__ __device__ function is not allowed
    			return vec<2, T, Q>(Func(a.x, b.x), Func(a.y, b.y));
    			                                        ^
            detected during:
              instantiation of "vec<2, T, Q> glm::detail::functor2<vec, 2, T, Q>::call(Fct, const vec<2, T, Q> &, const vec<2, T, Q> &) [with vec=glm::vec, T=float, Q=glm::highp, Fct=glm::TMax<float>]" at line 274 of D:\wrg\Github\Dynamics\Dynamics\include\glm\detail/func_common.inl
              instantiation of "glm::vec<L, T, Q> glm::detail::compute_max_vector<L, T, Q, Aligned>::call(const glm::vec<L, T, Q> &, const glm::vec<L, T, Q> &) [with L=2, T=float, Q=glm::highp, Aligned=false]" at line 644 of D:\wrg\Github\Dynamics\Dynamics\include\glm\detail/func_common.inl
              instantiation of "glm::vec<L, T, Q> glm::max(const glm::vec<L, T, Q> &, const glm::vec<L, T, Q> &) [with L=2, T=float, Q=glm::highp]" at line 283 of D:\wrg\Github\Dynamics\Dynamics\include\glm\detail/func_common.inl
              instantiation of "glm::vec<L, T, Q> glm::detail::compute_clamp_vector<L, T, Q, Aligned>::call(const glm::vec<L, T, Q> &, const glm::vec<L, T, Q> &, const glm::vec<L, T, Q> &) [with L=2, T=float, Q=glm::highp, Aligned=false]" at line 659 of D:\wrg\Github\Dynamics\Dynamics\include\glm\detail/func_common.inl
              instantiation of "glm::vec<L, T, Q> glm::clamp(const glm::vec<L, T, Q> &, T, T) [with L=2, T=float, Q=glm::highp]" at line 17 of D:\wrg\Github\Dynamics\Dynamics\include\glm\detail/func_packing.inl
  
D:\wrg\Github\Dynamics\Dynamics\include\glm\detail\_vectorize.hpp(74): warning #20014-D: calling a __host__ function from a __host__ __device__ function is not allowed
    			return vec<2, T, Q>(Func(a.x, b.x), Func(a.y, b.y));
    			                        ^
            detected during:
              instantiation of "vec<2, T, Q> glm::detail::functor2<vec, 2, T, Q>::call(Fct, const vec<2, T, Q> &, const vec<2, T, Q> &) [with vec=glm::vec, T=float, Q=glm::highp, Fct=glm::TMin<float>]" at line 265 of D:\wrg\Github\Dynamics\Dynamics\include\glm\detail/func_common.inl
              instantiation of "glm::vec<L, T, Q> glm::detail::compute_min_vector<L, T, Q, Aligned>::call(const glm::vec<L, T, Q> &, const glm::vec<L, T, Q> &) [with L=2, T=float, Q=glm::highp, Aligned=false]" at line 630 of D:\wrg\Github\Dynamics\Dynamics\include\glm\detail/func_common.inl
              instantiation of "glm::vec<L, T, Q> glm::min(const glm::vec<L, T, Q> &, const glm::vec<L, T, Q> &) [with L=2, T=float, Q=glm::highp]" at line 283 of D:\wrg\Github\Dynamics\Dynamics\include\glm\detail/func_common.inl
              instantiation of "glm::vec<L, T, Q> glm::detail::compute_clamp_vector<L, T, Q, Aligned>::call(const glm::vec<L, T, Q> &, const glm::vec<L, T, Q> &, const glm::vec<L, T, Q> &) [with L=2, T=float, Q=glm::highp, Aligned=false]" at line 659 of D:\wrg\Github\Dynamics\Dynamics\include\glm\detail/func_common.inl
              instantiation of "glm::vec<L, T, Q> glm::clamp(const glm::vec<L, T, Q> &, T, T) [with L=2, T=float, Q=glm::highp]" at line 17 of D:\wrg\Github\Dynamics\Dynamics\include\glm\detail/func_packing.inl
  
D:\wrg\Github\Dynamics\Dynamics\include\glm\detail\_vectorize.hpp(74): warning #20014-D: calling a __host__ function from a __host__ __device__ function is not allowed
    			return vec<2, T, Q>(Func(a.x, b.x), Func(a.y, b.y));
    			                                        ^
            detected during:
              instantiation of "vec<2, T, Q> glm::detail::functor2<vec, 2, T, Q>::call(Fct, const vec<2, T, Q> &, const vec<2, T, Q> &) [with vec=glm::vec, T=float, Q=glm::highp, Fct=glm::TMin<float>]" at line 265 of D:\wrg\Github\Dynamics\Dynamics\include\glm\detail/func_common.inl
              instantiation of "glm::vec<L, T, Q> glm::detail::compute_min_vector<L, T, Q, Aligned>::call(const glm::vec<L, T, Q> &, const glm::vec<L, T, Q> &) [with L=2, T=float, Q=glm::highp, Aligned=false]" at line 630 of D:\wrg\Github\Dynamics\Dynamics\include\glm\detail/func_common.inl
              instantiation of "glm::vec<L, T, Q> glm::min(const glm::vec<L, T, Q> &, const glm::vec<L, T, Q> &) [with L=2, T=float, Q=glm::highp]" at line 283 of D:\wrg\Github\Dynamics\Dynamics\include\glm\detail/func_common.inl
              instantiation of "glm::vec<L, T, Q> glm::detail::compute_clamp_vector<L, T, Q, Aligned>::call(const glm::vec<L, T, Q> &, const glm::vec<L, T, Q> &, const glm::vec<L, T, Q> &) [with L=2, T=float, Q=glm::highp, Aligned=false]" at line 659 of D:\wrg\Github\Dynamics\Dynamics\include\glm\detail/func_common.inl
              instantiation of "glm::vec<L, T, Q> glm::clamp(const glm::vec<L, T, Q> &, T, T) [with L=2, T=float, Q=glm::highp]" at line 17 of D:\wrg\Github\Dynamics\Dynamics\include\glm\detail/func_packing.inl
  
D:\wrg\Github\Dynamics\Dynamics\include\glm\detail\_vectorize.hpp(104): warning #20014-D: calling a __host__ function from a __host__ __device__ function is not allowed
    			return vec<4, T, Q>(Func(a.x, b.x), Func(a.y, b.y), Func(a.z, b.z), Func(a.w, b.w));
    			                        ^
            detected during:
              instantiation of "vec<4, T, Q> glm::detail::functor2<vec, 4, T, Q>::call(Fct, const vec<4, T, Q> &, const vec<4, T, Q> &) [with vec=glm::vec, T=float, Q=glm::highp, Fct=glm::TMax<float>]" at line 274 of D:\wrg\Github\Dynamics\Dynamics\include\glm\detail/func_common.inl
              instantiation of "glm::vec<L, T, Q> glm::detail::compute_max_vector<L, T, Q, Aligned>::call(const glm::vec<L, T, Q> &, const glm::vec<L, T, Q> &) [with L=4, T=float, Q=glm::highp, Aligned=false]" at line 644 of D:\wrg\Github\Dynamics\Dynamics\include\glm\detail/func_common.inl
              instantiation of "glm::vec<L, T, Q> glm::max(const glm::vec<L, T, Q> &, const glm::vec<L, T, Q> &) [with L=4, T=float, Q=glm::highp]" at line 283 of D:\wrg\Github\Dynamics\Dynamics\include\glm\detail/func_common.inl
              instantiation of "glm::vec<L, T, Q> glm::detail::compute_clamp_vector<L, T, Q, Aligned>::call(const glm::vec<L, T, Q> &, const glm::vec<L, T, Q> &, const glm::vec<L, T, Q> &) [with L=4, T=float, Q=glm::highp, Aligned=false]" at line 659 of D:\wrg\Github\Dynamics\Dynamics\include\glm\detail/func_common.inl
              instantiation of "glm::vec<L, T, Q> glm::clamp(const glm::vec<L, T, Q> &, T, T) [with L=4, T=float, Q=glm::highp]" at line 75 of D:\wrg\Github\Dynamics\Dynamics\include\glm\detail/func_packing.inl
  
D:\wrg\Github\Dynamics\Dynamics\include\glm\detail\_vectorize.hpp(104): warning #20014-D: calling a __host__ function from a __host__ __device__ function is not allowed
    			return vec<4, T, Q>(Func(a.x, b.x), Func(a.y, b.y), Func(a.z, b.z), Func(a.w, b.w));
    			                                        ^
            detected during:
              instantiation of "vec<4, T, Q> glm::detail::functor2<vec, 4, T, Q>::call(Fct, const vec<4, T, Q> &, const vec<4, T, Q> &) [with vec=glm::vec, T=float, Q=glm::highp, Fct=glm::TMax<float>]" at line 274 of D:\wrg\Github\Dynamics\Dynamics\include\glm\detail/func_common.inl
              instantiation of "glm::vec<L, T, Q> glm::detail::compute_max_vector<L, T, Q, Aligned>::call(const glm::vec<L, T, Q> &, const glm::vec<L, T, Q> &) [with L=4, T=float, Q=glm::highp, Aligned=false]" at line 644 of D:\wrg\Github\Dynamics\Dynamics\include\glm\detail/func_common.inl
              instantiation of "glm::vec<L, T, Q> glm::max(const glm::vec<L, T, Q> &, const glm::vec<L, T, Q> &) [with L=4, T=float, Q=glm::highp]" at line 283 of D:\wrg\Github\Dynamics\Dynamics\include\glm\detail/func_common.inl
              instantiation of "glm::vec<L, T, Q> glm::detail::compute_clamp_vector<L, T, Q, Aligned>::call(const glm::vec<L, T, Q> &, const glm::vec<L, T, Q> &, const glm::vec<L, T, Q> &) [with L=4, T=float, Q=glm::highp, Aligned=false]" at line 659 of D:\wrg\Github\Dynamics\Dynamics\include\glm\detail/func_common.inl
              instantiation of "glm::vec<L, T, Q> glm::clamp(const glm::vec<L, T, Q> &, T, T) [with L=4, T=float, Q=glm::highp]" at line 75 of D:\wrg\Github\Dynamics\Dynamics\include\glm\detail/func_packing.inl
  
D:\wrg\Github\Dynamics\Dynamics\include\glm\detail\_vectorize.hpp(104): warning #20014-D: calling a __host__ function from a __host__ __device__ function is not allowed
    			return vec<4, T, Q>(Func(a.x, b.x), Func(a.y, b.y), Func(a.z, b.z), Func(a.w, b.w));
    			                                                        ^
            detected during:
              instantiation of "vec<4, T, Q> glm::detail::functor2<vec, 4, T, Q>::call(Fct, const vec<4, T, Q> &, const vec<4, T, Q> &) [with vec=glm::vec, T=float, Q=glm::highp, Fct=glm::TMax<float>]" at line 274 of D:\wrg\Github\Dynamics\Dynamics\include\glm\detail/func_common.inl
              instantiation of "glm::vec<L, T, Q> glm::detail::compute_max_vector<L, T, Q, Aligned>::call(const glm::vec<L, T, Q> &, const glm::vec<L, T, Q> &) [with L=4, T=float, Q=glm::highp, Aligned=false]" at line 644 of D:\wrg\Github\Dynamics\Dynamics\include\glm\detail/func_common.inl
              instantiation of "glm::vec<L, T, Q> glm::max(const glm::vec<L, T, Q> &, const glm::vec<L, T, Q> &) [with L=4, T=float, Q=glm::highp]" at line 283 of D:\wrg\Github\Dynamics\Dynamics\include\glm\detail/func_common.inl
              instantiation of "glm::vec<L, T, Q> glm::detail::compute_clamp_vector<L, T, Q, Aligned>::call(const glm::vec<L, T, Q> &, const glm::vec<L, T, Q> &, const glm::vec<L, T, Q> &) [with L=4, T=float, Q=glm::highp, Aligned=false]" at line 659 of D:\wrg\Github\Dynamics\Dynamics\include\glm\detail/func_common.inl
              instantiation of "glm::vec<L, T, Q> glm::clamp(const glm::vec<L, T, Q> &, T, T) [with L=4, T=float, Q=glm::highp]" at line 75 of D:\wrg\Github\Dynamics\Dynamics\include\glm\detail/func_packing.inl
  
D:\wrg\Github\Dynamics\Dynamics\include\glm\detail\_vectorize.hpp(104): warning #20014-D: calling a __host__ function from a __host__ __device__ function is not allowed
    			return vec<4, T, Q>(Func(a.x, b.x), Func(a.y, b.y), Func(a.z, b.z), Func(a.w, b.w));
    			                                                                        ^
            detected during:
              instantiation of "vec<4, T, Q> glm::detail::functor2<vec, 4, T, Q>::call(Fct, const vec<4, T, Q> &, const vec<4, T, Q> &) [with vec=glm::vec, T=float, Q=glm::highp, Fct=glm::TMax<float>]" at line 274 of D:\wrg\Github\Dynamics\Dynamics\include\glm\detail/func_common.inl
              instantiation of "glm::vec<L, T, Q> glm::detail::compute_max_vector<L, T, Q, Aligned>::call(const glm::vec<L, T, Q> &, const glm::vec<L, T, Q> &) [with L=4, T=float, Q=glm::highp, Aligned=false]" at line 644 of D:\wrg\Github\Dynamics\Dynamics\include\glm\detail/func_common.inl
              instantiation of "glm::vec<L, T, Q> glm::max(const glm::vec<L, T, Q> &, const glm::vec<L, T, Q> &) [with L=4, T=float, Q=glm::highp]" at line 283 of D:\wrg\Github\Dynamics\Dynamics\include\glm\detail/func_common.inl
              instantiation of "glm::vec<L, T, Q> glm::detail::compute_clamp_vector<L, T, Q, Aligned>::call(const glm::vec<L, T, Q> &, const glm::vec<L, T, Q> &, const glm::vec<L, T, Q> &) [with L=4, T=float, Q=glm::highp, Aligned=false]" at line 659 of D:\wrg\Github\Dynamics\Dynamics\include\glm\detail/func_common.inl
              instantiation of "glm::vec<L, T, Q> glm::clamp(const glm::vec<L, T, Q> &, T, T) [with L=4, T=float, Q=glm::highp]" at line 75 of D:\wrg\Github\Dynamics\Dynamics\include\glm\detail/func_packing.inl
  
D:\wrg\Github\Dynamics\Dynamics\include\glm\detail\_vectorize.hpp(104): warning #20014-D: calling a __host__ function from a __host__ __device__ function is not allowed
    			return vec<4, T, Q>(Func(a.x, b.x), Func(a.y, b.y), Func(a.z, b.z), Func(a.w, b.w));
    			                        ^
            detected during:
              instantiation of "vec<4, T, Q> glm::detail::functor2<vec, 4, T, Q>::call(Fct, const vec<4, T, Q> &, const vec<4, T, Q> &) [with vec=glm::vec, T=float, Q=glm::highp, Fct=glm::TMin<float>]" at line 265 of D:\wrg\Github\Dynamics\Dynamics\include\glm\detail/func_common.inl
              instantiation of "glm::vec<L, T, Q> glm::detail::compute_min_vector<L, T, Q, Aligned>::call(const glm::vec<L, T, Q> &, const glm::vec<L, T, Q> &) [with L=4, T=float, Q=glm::highp, Aligned=false]" at line 630 of D:\wrg\Github\Dynamics\Dynamics\include\glm\detail/func_common.inl
              instantiation of "glm::vec<L, T, Q> glm::min(const glm::vec<L, T, Q> &, const glm::vec<L, T, Q> &) [with L=4, T=float, Q=glm::highp]" at line 283 of D:\wrg\Github\Dynamics\Dynamics\include\glm\detail/func_common.inl
              instantiation of "glm::vec<L, T, Q> glm::detail::compute_clamp_vector<L, T, Q, Aligned>::call(const glm::vec<L, T, Q> &, const glm::vec<L, T, Q> &, const glm::vec<L, T, Q> &) [with L=4, T=float, Q=glm::highp, Aligned=false]" at line 659 of D:\wrg\Github\Dynamics\Dynamics\include\glm\detail/func_common.inl
              instantiation of "glm::vec<L, T, Q> glm::clamp(const glm::vec<L, T, Q> &, T, T) [with L=4, T=float, Q=glm::highp]" at line 75 of D:\wrg\Github\Dynamics\Dynamics\include\glm\detail/func_packing.inl
  
D:\wrg\Github\Dynamics\Dynamics\include\glm\detail\_vectorize.hpp(104): warning #20014-D: calling a __host__ function from a __host__ __device__ function is not allowed
    			return vec<4, T, Q>(Func(a.x, b.x), Func(a.y, b.y), Func(a.z, b.z), Func(a.w, b.w));
    			                                        ^
            detected during:
              instantiation of "vec<4, T, Q> glm::detail::functor2<vec, 4, T, Q>::call(Fct, const vec<4, T, Q> &, const vec<4, T, Q> &) [with vec=glm::vec, T=float, Q=glm::highp, Fct=glm::TMin<float>]" at line 265 of D:\wrg\Github\Dynamics\Dynamics\include\glm\detail/func_common.inl
              instantiation of "glm::vec<L, T, Q> glm::detail::compute_min_vector<L, T, Q, Aligned>::call(const glm::vec<L, T, Q> &, const glm::vec<L, T, Q> &) [with L=4, T=float, Q=glm::highp, Aligned=false]" at line 630 of D:\wrg\Github\Dynamics\Dynamics\include\glm\detail/func_common.inl
              instantiation of "glm::vec<L, T, Q> glm::min(const glm::vec<L, T, Q> &, const glm::vec<L, T, Q> &) [with L=4, T=float, Q=glm::highp]" at line 283 of D:\wrg\Github\Dynamics\Dynamics\include\glm\detail/func_common.inl
              instantiation of "glm::vec<L, T, Q> glm::detail::compute_clamp_vector<L, T, Q, Aligned>::call(const glm::vec<L, T, Q> &, const glm::vec<L, T, Q> &, const glm::vec<L, T, Q> &) [with L=4, T=float, Q=glm::highp, Aligned=false]" at line 659 of D:\wrg\Github\Dynamics\Dynamics\include\glm\detail/func_common.inl
              instantiation of "glm::vec<L, T, Q> glm::clamp(const glm::vec<L, T, Q> &, T, T) [with L=4, T=float, Q=glm::highp]" at line 75 of D:\wrg\Github\Dynamics\Dynamics\include\glm\detail/func_packing.inl
  
D:\wrg\Github\Dynamics\Dynamics\include\glm\detail\_vectorize.hpp(104): warning #20014-D: calling a __host__ function from a __host__ __device__ function is not allowed
    			return vec<4, T, Q>(Func(a.x, b.x), Func(a.y, b.y), Func(a.z, b.z), Func(a.w, b.w));
    			                                                        ^
            detected during:
              instantiation of "vec<4, T, Q> glm::detail::functor2<vec, 4, T, Q>::call(Fct, const vec<4, T, Q> &, const vec<4, T, Q> &) [with vec=glm::vec, T=float, Q=glm::highp, Fct=glm::TMin<float>]" at line 265 of D:\wrg\Github\Dynamics\Dynamics\include\glm\detail/func_common.inl
              instantiation of "glm::vec<L, T, Q> glm::detail::compute_min_vector<L, T, Q, Aligned>::call(const glm::vec<L, T, Q> &, const glm::vec<L, T, Q> &) [with L=4, T=float, Q=glm::highp, Aligned=false]" at line 630 of D:\wrg\Github\Dynamics\Dynamics\include\glm\detail/func_common.inl
              instantiation of "glm::vec<L, T, Q> glm::min(const glm::vec<L, T, Q> &, const glm::vec<L, T, Q> &) [with L=4, T=float, Q=glm::highp]" at line 283 of D:\wrg\Github\Dynamics\Dynamics\include\glm\detail/func_common.inl
              instantiation of "glm::vec<L, T, Q> glm::detail::compute_clamp_vector<L, T, Q, Aligned>::call(const glm::vec<L, T, Q> &, const glm::vec<L, T, Q> &, const glm::vec<L, T, Q> &) [with L=4, T=float, Q=glm::highp, Aligned=false]" at line 659 of D:\wrg\Github\Dynamics\Dynamics\include\glm\detail/func_common.inl
              instantiation of "glm::vec<L, T, Q> glm::clamp(const glm::vec<L, T, Q> &, T, T) [with L=4, T=float, Q=glm::highp]" at line 75 of D:\wrg\Github\Dynamics\Dynamics\include\glm\detail/func_packing.inl
  
D:\wrg\Github\Dynamics\Dynamics\include\glm\detail\_vectorize.hpp(104): warning #20014-D: calling a __host__ function from a __host__ __device__ function is not allowed
    			return vec<4, T, Q>(Func(a.x, b.x), Func(a.y, b.y), Func(a.z, b.z), Func(a.w, b.w));
    			                                                                        ^
            detected during:
              instantiation of "vec<4, T, Q> glm::detail::functor2<vec, 4, T, Q>::call(Fct, const vec<4, T, Q> &, const vec<4, T, Q> &) [with vec=glm::vec, T=float, Q=glm::highp, Fct=glm::TMin<float>]" at line 265 of D:\wrg\Github\Dynamics\Dynamics\include\glm\detail/func_common.inl
              instantiation of "glm::vec<L, T, Q> glm::detail::compute_min_vector<L, T, Q, Aligned>::call(const glm::vec<L, T, Q> &, const glm::vec<L, T, Q> &) [with L=4, T=float, Q=glm::highp, Aligned=false]" at line 630 of D:\wrg\Github\Dynamics\Dynamics\include\glm\detail/func_common.inl
              instantiation of "glm::vec<L, T, Q> glm::min(const glm::vec<L, T, Q> &, const glm::vec<L, T, Q> &) [with L=4, T=float, Q=glm::highp]" at line 283 of D:\wrg\Github\Dynamics\Dynamics\include\glm\detail/func_common.inl
              instantiation of "glm::vec<L, T, Q> glm::detail::compute_clamp_vector<L, T, Q, Aligned>::call(const glm::vec<L, T, Q> &, const glm::vec<L, T, Q> &, const glm::vec<L, T, Q> &) [with L=4, T=float, Q=glm::highp, Aligned=false]" at line 659 of D:\wrg\Github\Dynamics\Dynamics\include\glm\detail/func_common.inl
              instantiation of "glm::vec<L, T, Q> glm::clamp(const glm::vec<L, T, Q> &, T, T) [with L=4, T=float, Q=glm::highp]" at line 75 of D:\wrg\Github\Dynamics\Dynamics\include\glm\detail/func_packing.inl
  
D:\wrg\Github\Dynamics\Dynamics\include\glm\detail\_vectorize.hpp(104): warning #20013-D: calling a constexpr __host__ function("operator()") from a __host__ __device__ function("call") is not allowed. The experimental flag '--expt-relaxed-constexpr' can be used to allow this.
    			return vec<4, T, Q>(Func(a.x, b.x), Func(a.y, b.y), Func(a.z, b.z), Func(a.w, b.w));
    			                        ^
            detected during:
              instantiation of "vec<4, T, Q> glm::detail::functor2<vec, 4, T, Q>::call(Fct, const vec<4, T, Q> &, const vec<4, T, Q> &) [with vec=glm::vec, T=float, Q=glm::highp, Fct=std::multiplies<float>]" at line 74 of D:\wrg\Github\Dynamics\Dynamics\include\glm\detail\compute_vector_decl.hpp
              instantiation of "glm::vec<L, T, Q> glm::detail::compute_vec_mul<L, T, Q, false>::call(const glm::vec<L, T, Q> &, const glm::vec<L, T, Q> &) [with L=4, T=float, Q=glm::highp]" at line 468 of D:\wrg\Github\Dynamics\Dynamics\include\glm\detail\type_vec4.inl
              instantiation of "glm::vec<4, T, Q> &glm::vec<4, T, Q>::operator*=(U) [with T=float, Q=glm::highp, U=float]" at line 751 of D:\wrg\Github\Dynamics\Dynamics\include\glm\detail\type_vec4.inl
              instantiation of "glm::vec<4, T, Q> glm::operator*(const glm::vec<4, T, Q> &, T) [with T=float, Q=glm::highp]" at line 75 of D:\wrg\Github\Dynamics\Dynamics\include\glm\detail/func_packing.inl
  
D:\wrg\Github\Dynamics\Dynamics\include\glm\detail\_vectorize.hpp(104): warning #20013-D: calling a constexpr __host__ function("operator()") from a __host__ __device__ function("call") is not allowed. The experimental flag '--expt-relaxed-constexpr' can be used to allow this.
    			return vec<4, T, Q>(Func(a.x, b.x), Func(a.y, b.y), Func(a.z, b.z), Func(a.w, b.w));
    			                        ^
            detected during:
              instantiation of "vec<4, T, Q> glm::detail::functor2<vec, 4, T, Q>::call(Fct, const vec<4, T, Q> &, const vec<4, T, Q> &) [with vec=glm::vec, T=float, Q=glm::highp, Fct=std::multiplies<float>]" at line 74 of D:\wrg\Github\Dynamics\Dynamics\include\glm\detail\compute_vector_decl.hpp
              instantiation of "glm::vec<L, T, Q> glm::detail::compute_vec_mul<L, T, Q, false>::call(const glm::vec<L, T, Q> &, const glm::vec<L, T, Q> &) [with L=4, T=float, Q=glm::highp]" at line 468 of D:\wrg\Github\Dynamics\Dynamics\include\glm\detail\type_vec4.inl
              instantiation of "glm::vec<4, T, Q> &glm::vec<4, T, Q>::operator*=(U) [with T=float, Q=glm::highp, U=float]" at line 751 of D:\wrg\Github\Dynamics\Dynamics\include\glm\detail\type_vec4.inl
              instantiation of "glm::vec<4, T, Q> glm::operator*(const glm::vec<4, T, Q> &, T) [with T=float, Q=glm::highp]" at line 75 of D:\wrg\Github\Dynamics\Dynamics\include\glm\detail/func_packing.inl
  
D:\wrg\Github\Dynamics\Dynamics\include\glm\detail\_vectorize.hpp(104): warning #20013-D: calling a constexpr __host__ function("operator()") from a __host__ __device__ function("call") is not allowed. The experimental flag '--expt-relaxed-constexpr' can be used to allow this.
    			return vec<4, T, Q>(Func(a.x, b.x), Func(a.y, b.y), Func(a.z, b.z), Func(a.w, b.w));
    			                                        ^
            detected during:
              instantiation of "vec<4, T, Q> glm::detail::functor2<vec, 4, T, Q>::call(Fct, const vec<4, T, Q> &, const vec<4, T, Q> &) [with vec=glm::vec, T=float, Q=glm::highp, Fct=std::multiplies<float>]" at line 74 of D:\wrg\Github\Dynamics\Dynamics\include\glm\detail\compute_vector_decl.hpp
              instantiation of "glm::vec<L, T, Q> glm::detail::compute_vec_mul<L, T, Q, false>::call(const glm::vec<L, T, Q> &, const glm::vec<L, T, Q> &) [with L=4, T=float, Q=glm::highp]" at line 468 of D:\wrg\Github\Dynamics\Dynamics\include\glm\detail\type_vec4.inl
              instantiation of "glm::vec<4, T, Q> &glm::vec<4, T, Q>::operator*=(U) [with T=float, Q=glm::highp, U=float]" at line 751 of D:\wrg\Github\Dynamics\Dynamics\include\glm\detail\type_vec4.inl
              instantiation of "glm::vec<4, T, Q> glm::operator*(const glm::vec<4, T, Q> &, T) [with T=float, Q=glm::highp]" at line 75 of D:\wrg\Github\Dynamics\Dynamics\include\glm\detail/func_packing.inl
  
D:\wrg\Github\Dynamics\Dynamics\include\glm\detail\_vectorize.hpp(104): warning #20013-D: calling a constexpr __host__ function("operator()") from a __host__ __device__ function("call") is not allowed. The experimental flag '--expt-relaxed-constexpr' can be used to allow this.
    			return vec<4, T, Q>(Func(a.x, b.x), Func(a.y, b.y), Func(a.z, b.z), Func(a.w, b.w));
    			                                        ^
            detected during:
              instantiation of "vec<4, T, Q> glm::detail::functor2<vec, 4, T, Q>::call(Fct, const vec<4, T, Q> &, const vec<4, T, Q> &) [with vec=glm::vec, T=float, Q=glm::highp, Fct=std::multiplies<float>]" at line 74 of D:\wrg\Github\Dynamics\Dynamics\include\glm\detail\compute_vector_decl.hpp
              instantiation of "glm::vec<L, T, Q> glm::detail::compute_vec_mul<L, T, Q, false>::call(const glm::vec<L, T, Q> &, const glm::vec<L, T, Q> &) [with L=4, T=float, Q=glm::highp]" at line 468 of D:\wrg\Github\Dynamics\Dynamics\include\glm\detail\type_vec4.inl
              instantiation of "glm::vec<4, T, Q> &glm::vec<4, T, Q>::operator*=(U) [with T=float, Q=glm::highp, U=float]" at line 751 of D:\wrg\Github\Dynamics\Dynamics\include\glm\detail\type_vec4.inl
              instantiation of "glm::vec<4, T, Q> glm::operator*(const glm::vec<4, T, Q> &, T) [with T=float, Q=glm::highp]" at line 75 of D:\wrg\Github\Dynamics\Dynamics\include\glm\detail/func_packing.inl
  
D:\wrg\Github\Dynamics\Dynamics\include\glm\detail\_vectorize.hpp(104): warning #20013-D: calling a constexpr __host__ function("operator()") from a __host__ __device__ function("call") is not allowed. The experimental flag '--expt-relaxed-constexpr' can be used to allow this.
    			return vec<4, T, Q>(Func(a.x, b.x), Func(a.y, b.y), Func(a.z, b.z), Func(a.w, b.w));
    			                                                        ^
            detected during:
              instantiation of "vec<4, T, Q> glm::detail::functor2<vec, 4, T, Q>::call(Fct, const vec<4, T, Q> &, const vec<4, T, Q> &) [with vec=glm::vec, T=float, Q=glm::highp, Fct=std::multiplies<float>]" at line 74 of D:\wrg\Github\Dynamics\Dynamics\include\glm\detail\compute_vector_decl.hpp
              instantiation of "glm::vec<L, T, Q> glm::detail::compute_vec_mul<L, T, Q, false>::call(const glm::vec<L, T, Q> &, const glm::vec<L, T, Q> &) [with L=4, T=float, Q=glm::highp]" at line 468 of D:\wrg\Github\Dynamics\Dynamics\include\glm\detail\type_vec4.inl
              instantiation of "glm::vec<4, T, Q> &glm::vec<4, T, Q>::operator*=(U) [with T=float, Q=glm::highp, U=float]" at line 751 of D:\wrg\Github\Dynamics\Dynamics\include\glm\detail\type_vec4.inl
              instantiation of "glm::vec<4, T, Q> glm::operator*(const glm::vec<4, T, Q> &, T) [with T=float, Q=glm::highp]" at line 75 of D:\wrg\Github\Dynamics\Dynamics\include\glm\detail/func_packing.inl
  
D:\wrg\Github\Dynamics\Dynamics\include\glm\detail\_vectorize.hpp(104): warning #20013-D: calling a constexpr __host__ function("operator()") from a __host__ __device__ function("call") is not allowed. The experimental flag '--expt-relaxed-constexpr' can be used to allow this.
    			return vec<4, T, Q>(Func(a.x, b.x), Func(a.y, b.y), Func(a.z, b.z), Func(a.w, b.w));
    			                                                        ^
            detected during:
              instantiation of "vec<4, T, Q> glm::detail::functor2<vec, 4, T, Q>::call(Fct, const vec<4, T, Q> &, const vec<4, T, Q> &) [with vec=glm::vec, T=float, Q=glm::highp, Fct=std::multiplies<float>]" at line 74 of D:\wrg\Github\Dynamics\Dynamics\include\glm\detail\compute_vector_decl.hpp
              instantiation of "glm::vec<L, T, Q> glm::detail::compute_vec_mul<L, T, Q, false>::call(const glm::vec<L, T, Q> &, const glm::vec<L, T, Q> &) [with L=4, T=float, Q=glm::highp]" at line 468 of D:\wrg\Github\Dynamics\Dynamics\include\glm\detail\type_vec4.inl
              instantiation of "glm::vec<4, T, Q> &glm::vec<4, T, Q>::operator*=(U) [with T=float, Q=glm::highp, U=float]" at line 751 of D:\wrg\Github\Dynamics\Dynamics\include\glm\detail\type_vec4.inl
              instantiation of "glm::vec<4, T, Q> glm::operator*(const glm::vec<4, T, Q> &, T) [with T=float, Q=glm::highp]" at line 75 of D:\wrg\Github\Dynamics\Dynamics\include\glm\detail/func_packing.inl
  
D:\wrg\Github\Dynamics\Dynamics\include\glm\detail\_vectorize.hpp(104): warning #20013-D: calling a constexpr __host__ function("operator()") from a __host__ __device__ function("call") is not allowed. The experimental flag '--expt-relaxed-constexpr' can be used to allow this.
    			return vec<4, T, Q>(Func(a.x, b.x), Func(a.y, b.y), Func(a.z, b.z), Func(a.w, b.w));
    			                                                                        ^
            detected during:
              instantiation of "vec<4, T, Q> glm::detail::functor2<vec, 4, T, Q>::call(Fct, const vec<4, T, Q> &, const vec<4, T, Q> &) [with vec=glm::vec, T=float, Q=glm::highp, Fct=std::multiplies<float>]" at line 74 of D:\wrg\Github\Dynamics\Dynamics\include\glm\detail\compute_vector_decl.hpp
              instantiation of "glm::vec<L, T, Q> glm::detail::compute_vec_mul<L, T, Q, false>::call(const glm::vec<L, T, Q> &, const glm::vec<L, T, Q> &) [with L=4, T=float, Q=glm::highp]" at line 468 of D:\wrg\Github\Dynamics\Dynamics\include\glm\detail\type_vec4.inl
              instantiation of "glm::vec<4, T, Q> &glm::vec<4, T, Q>::operator*=(U) [with T=float, Q=glm::highp, U=float]" at line 751 of D:\wrg\Github\Dynamics\Dynamics\include\glm\detail\type_vec4.inl
              instantiation of "glm::vec<4, T, Q> glm::operator*(const glm::vec<4, T, Q> &, T) [with T=float, Q=glm::highp]" at line 75 of D:\wrg\Github\Dynamics\Dynamics\include\glm\detail/func_packing.inl
  
D:\wrg\Github\Dynamics\Dynamics\include\glm\detail\_vectorize.hpp(104): warning #20013-D: calling a constexpr __host__ function("operator()") from a __host__ __device__ function("call") is not allowed. The experimental flag '--expt-relaxed-constexpr' can be used to allow this.
    			return vec<4, T, Q>(Func(a.x, b.x), Func(a.y, b.y), Func(a.z, b.z), Func(a.w, b.w));
    			                                                                        ^
            detected during:
              instantiation of "vec<4, T, Q> glm::detail::functor2<vec, 4, T, Q>::call(Fct, const vec<4, T, Q> &, const vec<4, T, Q> &) [with vec=glm::vec, T=float, Q=glm::highp, Fct=std::multiplies<float>]" at line 74 of D:\wrg\Github\Dynamics\Dynamics\include\glm\detail\compute_vector_decl.hpp
              instantiation of "glm::vec<L, T, Q> glm::detail::compute_vec_mul<L, T, Q, false>::call(const glm::vec<L, T, Q> &, const glm::vec<L, T, Q> &) [with L=4, T=float, Q=glm::highp]" at line 468 of D:\wrg\Github\Dynamics\Dynamics\include\glm\detail\type_vec4.inl
              instantiation of "glm::vec<4, T, Q> &glm::vec<4, T, Q>::operator*=(U) [with T=float, Q=glm::highp, U=float]" at line 751 of D:\wrg\Github\Dynamics\Dynamics\include\glm\detail\type_vec4.inl
              instantiation of "glm::vec<4, T, Q> glm::operator*(const glm::vec<4, T, Q> &, T) [with T=float, Q=glm::highp]" at line 75 of D:\wrg\Github\Dynamics\Dynamics\include\glm\detail/func_packing.inl
  
D:\wrg\Github\Dynamics\Dynamics\include\glm\detail\_vectorize.hpp(104): warning #20015-D: calling a constexpr __host__ function from a __host__ __device__ function is not allowed. The experimental flag '--expt-relaxed-constexpr' can be used to allow this.
    			return vec<4, T, Q>(Func(a.x, b.x), Func(a.y, b.y), Func(a.z, b.z), Func(a.w, b.w));
    			                        ^
            detected during:
              instantiation of "vec<4, T, Q> glm::detail::functor2<vec, 4, T, Q>::call(Fct, const vec<4, T, Q> &, const vec<4, T, Q> &) [with vec=glm::vec, T=float, Q=glm::highp, Fct=std::multiplies<float>]" at line 74 of D:\wrg\Github\Dynamics\Dynamics\include\glm\detail\compute_vector_decl.hpp
              instantiation of "glm::vec<L, T, Q> glm::detail::compute_vec_mul<L, T, Q, false>::call(const glm::vec<L, T, Q> &, const glm::vec<L, T, Q> &) [with L=4, T=float, Q=glm::highp]" at line 468 of D:\wrg\Github\Dynamics\Dynamics\include\glm\detail\type_vec4.inl
              instantiation of "glm::vec<4, T, Q> &glm::vec<4, T, Q>::operator*=(U) [with T=float, Q=glm::highp, U=float]" at line 751 of D:\wrg\Github\Dynamics\Dynamics\include\glm\detail\type_vec4.inl
              instantiation of "glm::vec<4, T, Q> glm::operator*(const glm::vec<4, T, Q> &, T) [with T=float, Q=glm::highp]" at line 75 of D:\wrg\Github\Dynamics\Dynamics\include\glm\detail/func_packing.inl
  
D:\wrg\Github\Dynamics\Dynamics\include\glm\detail\_vectorize.hpp(104): warning #20015-D: calling a constexpr __host__ function from a __host__ __device__ function is not allowed. The experimental flag '--expt-relaxed-constexpr' can be used to allow this.
    			return vec<4, T, Q>(Func(a.x, b.x), Func(a.y, b.y), Func(a.z, b.z), Func(a.w, b.w));
    			                                        ^
            detected during:
              instantiation of "vec<4, T, Q> glm::detail::functor2<vec, 4, T, Q>::call(Fct, const vec<4, T, Q> &, const vec<4, T, Q> &) [with vec=glm::vec, T=float, Q=glm::highp, Fct=std::multiplies<float>]" at line 74 of D:\wrg\Github\Dynamics\Dynamics\include\glm\detail\compute_vector_decl.hpp
              instantiation of "glm::vec<L, T, Q> glm::detail::compute_vec_mul<L, T, Q, false>::call(const glm::vec<L, T, Q> &, const glm::vec<L, T, Q> &) [with L=4, T=float, Q=glm::highp]" at line 468 of D:\wrg\Github\Dynamics\Dynamics\include\glm\detail\type_vec4.inl
              instantiation of "glm::vec<4, T, Q> &glm::vec<4, T, Q>::operator*=(U) [with T=float, Q=glm::highp, U=float]" at line 751 of D:\wrg\Github\Dynamics\Dynamics\include\glm\detail\type_vec4.inl
              instantiation of "glm::vec<4, T, Q> glm::operator*(const glm::vec<4, T, Q> &, T) [with T=float, Q=glm::highp]" at line 75 of D:\wrg\Github\Dynamics\Dynamics\include\glm\detail/func_packing.inl
  
D:\wrg\Github\Dynamics\Dynamics\include\glm\detail\_vectorize.hpp(104): warning #20015-D: calling a constexpr __host__ function from a __host__ __device__ function is not allowed. The experimental flag '--expt-relaxed-constexpr' can be used to allow this.
    			return vec<4, T, Q>(Func(a.x, b.x), Func(a.y, b.y), Func(a.z, b.z), Func(a.w, b.w));
    			                                                        ^
            detected during:
              instantiation of "vec<4, T, Q> glm::detail::functor2<vec, 4, T, Q>::call(Fct, const vec<4, T, Q> &, const vec<4, T, Q> &) [with vec=glm::vec, T=float, Q=glm::highp, Fct=std::multiplies<float>]" at line 74 of D:\wrg\Github\Dynamics\Dynamics\include\glm\detail\compute_vector_decl.hpp
              instantiation of "glm::vec<L, T, Q> glm::detail::compute_vec_mul<L, T, Q, false>::call(const glm::vec<L, T, Q> &, const glm::vec<L, T, Q> &) [with L=4, T=float, Q=glm::highp]" at line 468 of D:\wrg\Github\Dynamics\Dynamics\include\glm\detail\type_vec4.inl
              instantiation of "glm::vec<4, T, Q> &glm::vec<4, T, Q>::operator*=(U) [with T=float, Q=glm::highp, U=float]" at line 751 of D:\wrg\Github\Dynamics\Dynamics\include\glm\detail\type_vec4.inl
              instantiation of "glm::vec<4, T, Q> glm::operator*(const glm::vec<4, T, Q> &, T) [with T=float, Q=glm::highp]" at line 75 of D:\wrg\Github\Dynamics\Dynamics\include\glm\detail/func_packing.inl
  
D:\wrg\Github\Dynamics\Dynamics\include\glm\detail\_vectorize.hpp(104): warning #20015-D: calling a constexpr __host__ function from a __host__ __device__ function is not allowed. The experimental flag '--expt-relaxed-constexpr' can be used to allow this.
    			return vec<4, T, Q>(Func(a.x, b.x), Func(a.y, b.y), Func(a.z, b.z), Func(a.w, b.w));
    			                                                                        ^
            detected during:
              instantiation of "vec<4, T, Q> glm::detail::functor2<vec, 4, T, Q>::call(Fct, const vec<4, T, Q> &, const vec<4, T, Q> &) [with vec=glm::vec, T=float, Q=glm::highp, Fct=std::multiplies<float>]" at line 74 of D:\wrg\Github\Dynamics\Dynamics\include\glm\detail\compute_vector_decl.hpp
              instantiation of "glm::vec<L, T, Q> glm::detail::compute_vec_mul<L, T, Q, false>::call(const glm::vec<L, T, Q> &, const glm::vec<L, T, Q> &) [with L=4, T=float, Q=glm::highp]" at line 468 of D:\wrg\Github\Dynamics\Dynamics\include\glm\detail\type_vec4.inl
              instantiation of "glm::vec<4, T, Q> &glm::vec<4, T, Q>::operator*=(U) [with T=float, Q=glm::highp, U=float]" at line 751 of D:\wrg\Github\Dynamics\Dynamics\include\glm\detail\type_vec4.inl
              instantiation of "glm::vec<4, T, Q> glm::operator*(const glm::vec<4, T, Q> &, T) [with T=float, Q=glm::highp]" at line 75 of D:\wrg\Github\Dynamics\Dynamics\include\glm\detail/func_packing.inl
  
  CommonSolver.cu
  tmpxft_00001e20_00000000-7_CommonSolver.cudafe1.cpp
C:\Program Files\NVIDIA GPU Computing Toolkit\CUDA\v12.8\include\driver_types.h(1331): warning C4819: 현재 코드 페이지(949)에서 표시할 수 없는 문자가 파일에 들어 있습니다. 데이터가 손실되지 않게 하려면 해당 파일을 유니코드 형식으로 저장하십시오.
C:\Program Files\NVIDIA GPU Computing Toolkit\CUDA\v12.8\include\driver_types.h(3131): warning C4819: 현재 코드 페이지(949)에서 표시할 수 없는 문자가 파일에 들어 있습니다. 데이터가 손실되지 않게 하려면 해당 파일을 유니코드 형식으로 저장하십시오.
C:\Program Files\NVIDIA GPU Computing Toolkit\CUDA\v12.8\include\driver_types.h(1331): warning C4819: 현재 코드 페이지(949)에서 표시할 수 없는 문자가 파일에 들어 있습니다. 데이터가 손실되지 않게 하려면 해당 파일을 유니코드 형식으로 저장하십시오.
C:\Program Files\NVIDIA GPU Computing Toolkit\CUDA\v12.8\include\driver_types.h(3131): warning C4819: 현재 코드 페이지(949)에서 표시할 수 없는 문자가 파일에 들어 있습니다. 데이터가 손실되지 않게 하려면 해당 파일을 유니코드 형식으로 저장하십시오.
C:\Program Files\NVIDIA GPU Computing Toolkit\CUDA\v12.8\include\driver_types.h(1331): warning C4819: 현재 코드 페이지(949)에서 표시할 수 없는 문자가 파일에 들어 있습니다. 데이터가 손실되지 않게 하려면 해당 파일을 유니코드 형식으로 저장하십시오.
C:\Program Files\NVIDIA GPU Computing Toolkit\CUDA\v12.8\include\driver_types.h(3131): warning C4819: 현재 코드 페이지(949)에서 표시할 수 없는 문자가 파일에 들어 있습니다. 데이터가 손실되지 않게 하려면 해당 파일을 유니코드 형식으로 저장하십시오.
  main.cpp
D:\wrg\Github\Dynamics\Dynamics\include\GLFW\glfw3.h(3173,1): warning C4819: 현재 코드 페이지(949)에서 표시할 수 없는 문자가 파일에 들어 있습니다. 데이터가 손실되지 않게 하려면 해당 파일을 유니코드 형식으로 저장하십시오.
  (소스 파일 'main.cpp'을(를) 컴파일하는 중)
  
C:\Program Files\NVIDIA GPU Computing Toolkit\CUDA\v12.8\include\driver_types.h(1331,1): warning C4819: 현재 코드 페이지(949)에서 표시할 수 없는 문자가 파일에 들어 있습니다. 데이터가 손실되지 않게 하려면 해당 파일을 유니코드 형식으로 저장하십시오.
  (소스 파일 'main.cpp'을(를) 컴파일하는 중)
  
C:\Program Files\NVIDIA GPU Computing Toolkit\CUDA\v12.8\include\driver_types.h(3131,1): warning C4819: 현재 코드 페이지(949)에서 표시할 수 없는 문자가 파일에 들어 있습니다. 데이터가 손실되지 않게 하려면 해당 파일을 유니코드 형식으로 저장하십시오.
  (소스 파일 'main.cpp'을(를) 컴파일하는 중)
  
C:\Program Files\NVIDIA GPU Computing Toolkit\CUDA\v12.8\include\driver_types.h(1331,1): warning C4819: 현재 코드 페이지(949)에서 표시할 수 없는 문자가 파일에 들어 있습니다. 데이터가 손실되지 않게 하려면 해당 파일을 유니코드 형식으로 저장하십시오.
  (소스 파일 'main.cpp'을(를) 컴파일하는 중)
  
C:\Program Files\NVIDIA GPU Computing Toolkit\CUDA\v12.8\include\driver_types.h(3131,1): warning C4819: 현재 코드 페이지(949)에서 표시할 수 없는 문자가 파일에 들어 있습니다. 데이터가 손실되지 않게 하려면 해당 파일을 유니코드 형식으로 저장하십시오.
  (소스 파일 'main.cpp'을(를) 컴파일하는 중)
  
C:\Program Files\NVIDIA GPU Computing Toolkit\CUDA\v12.8\include\driver_types.h(1331,1): warning C4819: 현재 코드 페이지(949)에서 표시할 수 없는 문자가 파일에 들어 있습니다. 데이터가 손실되지 않게 하려면 해당 파일을 유니코드 형식으로 저장하십시오.
  (소스 파일 'main.cpp'을(를) 컴파일하는 중)
  
C:\Program Files\NVIDIA GPU Computing Toolkit\CUDA\v12.8\include\driver_types.h(3131,1): warning C4819: 현재 코드 페이지(949)에서 표시할 수 없는 문자가 파일에 들어 있습니다. 데이터가 손실되지 않게 하려면 해당 파일을 유니코드 형식으로 저장하십시오.
  (소스 파일 'main.cpp'을(를) 컴파일하는 중)
  
C:\Program Files\NVIDIA GPU Computing Toolkit\CUDA\v12.8\include\cuda_runtime_api.h(12266,1): warning C4819: 현재 코드 페이지(949)에서 표시할 수 없는 문자가 파일에 들어 있습니다. 데이터가 손실되지 않게 하려면 해당 파일을 유니코드 형식으로 저장하십시오.
  (소스 파일 'main.cpp'을(를) 컴파일하는 중)
  
C:\Program Files\NVIDIA GPU Computing Toolkit\CUDA\v12.8\include\driver_types.h(1331,1): warning C4819: 현재 코드 페이지(949)에서 표시할 수 없는 문자가 파일에 들어 있습니다. 데이터가 손실되지 않게 하려면 해당 파일을 유니코드 형식으로 저장하십시오.
  (소스 파일 'main.cpp'을(를) 컴파일하는 중)
  
C:\Program Files\NVIDIA GPU Computing Toolkit\CUDA\v12.8\include\driver_types.h(3131,1): warning C4819: 현재 코드 페이지(949)에서 표시할 수 없는 문자가 파일에 들어 있습니다. 데이터가 손실되지 않게 하려면 해당 파일을 유니코드 형식으로 저장하십시오.
  (소스 파일 'main.cpp'을(를) 컴파일하는 중)
  
C:\Program Files\NVIDIA GPU Computing Toolkit\CUDA\v12.8\include\cuda_runtime_api.h(12266,1): warning C4819: 현재 코드 페이지(949)에서 표시할 수 없는 문자가 파일에 들어 있습니다. 데이터가 손실되지 않게 하려면 해당 파일을 유니코드 형식으로 저장하십시오.
  (소스 파일 'main.cpp'을(를) 컴파일하는 중)
  
C:\Program Files\NVIDIA GPU Computing Toolkit\CUDA\v12.8\include\cuda_runtime_api.h(12266,1): warning C4819: 현재 코드 페이지(949)에서 표시할 수 없는 문자가 파일에 들어 있습니다. 데이터가 손실되지 않게 하려면 해당 파일을 유니코드 형식으로 저장하십시오.
  (소스 파일 'main.cpp'을(를) 컴파일하는 중)
  
C:\Program Files\NVIDIA GPU Computing Toolkit\CUDA\v12.8\include\driver_types.h(1331,1): warning C4819: 현재 코드 페이지(949)에서 표시할 수 없는 문자가 파일에 들어 있습니다. 데이터가 손실되지 않게 하려면 해당 파일을 유니코드 형식으로 저장하십시오.
  (소스 파일 'main.cpp'을(를) 컴파일하는 중)
  
C:\Program Files\NVIDIA GPU Computing Toolkit\CUDA\v12.8\include\driver_types.h(3131,1): warning C4819: 현재 코드 페이지(949)에서 표시할 수 없는 문자가 파일에 들어 있습니다. 데이터가 손실되지 않게 하려면 해당 파일을 유니코드 형식으로 저장하십시오.
  (소스 파일 'main.cpp'을(를) 컴파일하는 중)
  
C:\Program Files\NVIDIA GPU Computing Toolkit\CUDA\v12.8\include\driver_types.h(1331,1): warning C4819: 현재 코드 페이지(949)에서 표시할 수 없는 문자가 파일에 들어 있습니다. 데이터가 손실되지 않게 하려면 해당 파일을 유니코드 형식으로 저장하십시오.
  (소스 파일 'main.cpp'을(를) 컴파일하는 중)
  
C:\Program Files\NVIDIA GPU Computing Toolkit\CUDA\v12.8\include\driver_types.h(3131,1): warning C4819: 현재 코드 페이지(949)에서 표시할 수 없는 문자가 파일에 들어 있습니다. 데이터가 손실되지 않게 하려면 해당 파일을 유니코드 형식으로 저장하십시오.
  (소스 파일 'main.cpp'을(를) 컴파일하는 중)
  
C:\Program Files\NVIDIA GPU Computing Toolkit\CUDA\v12.8\include\cuda_runtime_api.h(12266,1): warning C4819: 현재 코드 페이지(949)에서 표시할 수 없는 문자가 파일에 들어 있습니다. 데이터가 손실되지 않게 하려면 해당 파일을 유니코드 형식으로 저장하십시오.
  (소스 파일 'main.cpp'을(를) 컴파일하는 중)
  
C:\Program Files\NVIDIA GPU Computing Toolkit\CUDA\v12.8\include\cuda_runtime_api.h(12266,1): warning C4819: 현재 코드 페이지(949)에서 표시할 수 없는 문자가 파일에 들어 있습니다. 데이터가 손실되지 않게 하려면 해당 파일을 유니코드 형식으로 저장하십시오.
  (소스 파일 'main.cpp'을(를) 컴파일하는 중)
  
D:\wrg\Github\Dynamics\Dynamics\Dynamics\main.cpp(191,44): warning C4267: '=': 'size_t'에서 'int'(으)로 변환하면서 데이터가 손실될 수 있습니다.
D:\wrg\Github\Dynamics\Dynamics\Dynamics\main.cpp(192,44): warning C4267: '=': 'size_t'에서 'int'(으)로 변환하면서 데이터가 손실될 수 있습니다.
D:\wrg\Github\Dynamics\Dynamics\Dynamics\main.cpp(105,12): warning C4996: 'cudaGLSetGLDevice': deprecated로 선언되었습니다.
  
  D:\wrg\Github\Dynamics\Dynamics\Dynamics>"C:\Program Files\NVIDIA GPU Computing Toolkit\CUDA\v12.8\bin\nvcc.exe" -dlink  -o x64\Debug\Dynamics.device-link.obj -Xcompiler "/EHsc /W3 /nologo /Od /Zi /RTC1 /MDd " -Xcompiler "/Fdx64\Debug\vc143.pdb" -L"C:\Program Files\NVIDIA GPU Computing Toolkit\CUDA\v12.8\bin/crt" -LD:\wrg\Github\Dynamics\Dynamics\/lib -L"C:\Program Files\NVIDIA GPU Computing Toolkit\CUDA\v12.8\lib\x64" glfw3.lib opengl32.lib cudart.lib kernel32.lib user32.lib gdi32.lib winspool.lib comdlg32.lib advapi32.lib shell32.lib ole32.lib oleaut32.lib uuid.lib odbc32.lib odbccp32.lib cudadevrt.lib  -gencode=arch=compute_120,code=sm_120 -G  D:\wrg\Github\Dynamics\Dynamics\Dynamics\x64\Debug\CommonSolver.cu.obj D:\wrg\Github\Dynamics\Dynamics\Dynamics\x64\Debug\PBDSolver.cu.obj D:\wrg\Github\Dynamics\Dynamics\Dynamics\x64\Debug\Utility.cu.obj 
  glfw3.lib
  opengl32.lib
  cudart.lib
  kernel32.lib
  user32.lib
  gdi32.lib
  winspool.lib
  comdlg32.lib
  advapi32.lib
  shell32.lib
  ole32.lib
  oleaut32.lib
  uuid.lib
  odbc32.lib
  odbccp32.lib
  cudadevrt.lib
  CommonSolver.cu.obj
  PBDSolver.cu.obj
  Utility.cu.obj
LINK : warning LNK4098: 'MSVCRT' defaultlib가 다른 라이브러리와 충돌합니다. /NODEFAULTLIB:library를 사용하십시오.
  Dynamics.vcxproj -> D:\wrg\Github\Dynamics\Dynamics\x64\Debug\Dynamics.exe
