d:\wrg\github\dynamics\dynamics\dynamics\x64\debug\vc143.pdb
d:\wrg\github\dynamics\dynamics\dynamics\x64\debug\vc143.idb
d:\wrg\github\dynamics\dynamics\dynamics\x64\debug\vertex.obj
d:\wrg\github\dynamics\dynamics\dynamics\x64\debug\pbd.obj
d:\wrg\github\dynamics\dynamics\dynamics\x64\debug\constraint.obj
d:\wrg\github\dynamics\dynamics\dynamics\x64\debug\glad.obj
d:\wrg\github\dynamics\dynamics\dynamics\x64\debug\main.obj
d:\wrg\github\dynamics\dynamics\dynamics\x64\debug\stretchconstraint.obj
d:\wrg\github\dynamics\dynamics\dynamics\x64\debug\bendingconstraint.obj
d:\wrg\github\dynamics\dynamics\dynamics\x64\debug\commonsolver.cu.obj
d:\wrg\github\dynamics\dynamics\dynamics\x64\debug\pbdsolver.cu.obj
d:\wrg\github\dynamics\dynamics\dynamics\x64\debug\utility.cu.obj
d:\wrg\github\dynamics\dynamics\x64\debug\dynamics.exe
d:\wrg\github\dynamics\dynamics\x64\debug\dynamics.pdb
d:\wrg\github\dynamics\dynamics\dynamics\x64\debug\dynamics.ilk
d:\wrg\github\dynamics\dynamics\dynamics\x64\debug\commonsolver.cu.cache
d:\wrg\github\dynamics\dynamics\dynamics\x64\debug\constraintutility.cu.cache
d:\wrg\github\dynamics\dynamics\dynamics\x64\debug\pbdsolver.cu.cache
d:\wrg\github\dynamics\dynamics\dynamics\x64\debug\utility.cu.cache
d:\wrg\github\dynamics\dynamics\dynamics\x64\debug\vertexdevice.cu.cache
d:\wrg\github\dynamics\dynamics\dynamics\x64\debug\backupmain.obj
d:\wrg\github\dynamics\dynamics\dynamics\x64\debug\bendingmap.obj
d:\wrg\github\dynamics\dynamics\dynamics\x64\debug\distanceconstraint.obj
d:\wrg\github\dynamics\dynamics\dynamics\x64\debug\vertexdevice.cu.obj
d:\wrg\github\dynamics\dynamics\dynamics\x64\debug\distanceconstraint.obj.enc
d:\wrg\github\dynamics\dynamics\dynamics\x64\debug\dynamics.tlog\cl.command.1.tlog
d:\wrg\github\dynamics\dynamics\dynamics\x64\debug\dynamics.tlog\cl.items.tlog
d:\wrg\github\dynamics\dynamics\dynamics\x64\debug\dynamics.tlog\cl.read.1.tlog
d:\wrg\github\dynamics\dynamics\dynamics\x64\debug\dynamics.tlog\cl.write.1.tlog
d:\wrg\github\dynamics\dynamics\dynamics\x64\debug\dynamics.tlog\cudacompile.read.1u.tlog
d:\wrg\github\dynamics\dynamics\dynamics\x64\debug\dynamics.tlog\cudacompile.write.1u.tlog
d:\wrg\github\dynamics\dynamics\dynamics\x64\debug\dynamics.tlog\link.command.1.tlog
d:\wrg\github\dynamics\dynamics\dynamics\x64\debug\dynamics.tlog\link.read.1.tlog
d:\wrg\github\dynamics\dynamics\dynamics\x64\debug\dynamics.tlog\link.secondary.1.tlog
d:\wrg\github\dynamics\dynamics\dynamics\x64\debug\dynamics.tlog\link.write.1.tlog
